

================================================================
== Vivado HLS Report for 'substituteBytes'
================================================================
* Date:           Tue Jan 14 16:43:24 2025

* Version:        2018.1 (Build 2188600 on Wed Apr 04 19:04:02 MDT 2018)
* Project:        AES_HLS
* Solution:       aes
* Product family: zynq
* Target device:  xc7z020clg400-1


================================================================
== Performance Estimates
================================================================
+ Timing (ns): 
    * Summary: 
    +--------+-------+----------+------------+
    |  Clock | Target| Estimated| Uncertainty|
    +--------+-------+----------+------------+
    |ap_clk  |  10.00|      5.58|        1.25|
    +--------+-------+----------+------------+

+ Latency (clock cycles): 
    * Summary: 
    +-----+-----+-----+-----+---------+
    |  Latency  |  Interval | Pipeline|
    | min | max | min | max |   Type  |
    +-----+-----+-----+-----+---------+
    |   15|   15|   15|   15|   none  |
    +-----+-----+-----+-----+---------+

    + Detail: 
        * Instance: 
        N/A

        * Loop: 
        N/A

============================================================
+ Verbose Summary: Synthesis Manager
============================================================
InlineROM: 1
ExposeGlobal: 0
============================================================
+ Verbose Summary: CDFG Model
============================================================
IsTopModel: 0
ResetActiveHigh: 1
IsCombinational: 0
IsDatapathOnly: 0
HasWiredReturn: 1
HasMFsm: 0
HasVarLatency: 1
IsPipeline: 0
IsRtlPipelined: 0
IsInstanceOverlapped: 0
IsDontTouch: 0
HasImplIP: 0
IsGatedGlobalClock: 0


============================================================
+ Verbose Summary: Schedule
============================================================
* Number of FSM states : 16
* Pipeline : 0
* Dataflow Pipeline: 0

* FSM state transitions: 
1 --> 
	2  / true
2 --> 
	3  / true
3 --> 
	4  / true
4 --> 
	5  / true
5 --> 
	6  / true
6 --> 
	7  / true
7 --> 
	8  / true
8 --> 
	9  / true
9 --> 
	10  / true
10 --> 
	11  / true
11 --> 
	12  / true
12 --> 
	13  / true
13 --> 
	14  / true
14 --> 
	15  / true
15 --> 
	16  / true
16 --> 

* FSM state operations: 

 <State 1> : 2.32ns
ST_1 : Operation 17 [1/1] (0.00ns)   --->   "%state_data_V_addr = getelementptr [16 x i8]* %state_data_V, i64 0, i64 0" [AES_HLS/aes_implementation.cpp:227]
ST_1 : Operation 18 [1/1] (0.00ns)   --->   "%state_data_V_addr_1 = getelementptr [16 x i8]* %state_data_V, i64 0, i64 1" [AES_HLS/aes_implementation.cpp:227]
ST_1 : Operation 19 [2/2] (2.32ns)   --->   "%state_data_V_load = load i8* %state_data_V_addr, align 1" [AES_HLS/aes_implementation.cpp:227]   --->   Core 37 'RAM' <Latency = 1> <II = 1> <Delay = 2.32> <Storage> <Opcode : 'load' 'store'> <Ports = 2> <Width = 8> <Depth = 16> <RAM>
ST_1 : Operation 20 [2/2] (2.32ns)   --->   "%state_data_V_load_1 = load i8* %state_data_V_addr_1, align 1" [AES_HLS/aes_implementation.cpp:227]   --->   Core 37 'RAM' <Latency = 1> <II = 1> <Delay = 2.32> <Storage> <Opcode : 'load' 'store'> <Ports = 2> <Width = 8> <Depth = 16> <RAM>

 <State 2> : 2.32ns
ST_2 : Operation 21 [1/1] (0.00ns)   --->   "%state_data_V_addr_2 = getelementptr [16 x i8]* %state_data_V, i64 0, i64 2" [AES_HLS/aes_implementation.cpp:227]
ST_2 : Operation 22 [1/1] (0.00ns)   --->   "%state_data_V_addr_3 = getelementptr [16 x i8]* %state_data_V, i64 0, i64 3" [AES_HLS/aes_implementation.cpp:227]
ST_2 : Operation 23 [1/2] (2.32ns)   --->   "%state_data_V_load = load i8* %state_data_V_addr, align 1" [AES_HLS/aes_implementation.cpp:227]   --->   Core 37 'RAM' <Latency = 1> <II = 1> <Delay = 2.32> <Storage> <Opcode : 'load' 'store'> <Ports = 2> <Width = 8> <Depth = 16> <RAM>
ST_2 : Operation 24 [1/2] (2.32ns)   --->   "%state_data_V_load_1 = load i8* %state_data_V_addr_1, align 1" [AES_HLS/aes_implementation.cpp:227]   --->   Core 37 'RAM' <Latency = 1> <II = 1> <Delay = 2.32> <Storage> <Opcode : 'load' 'store'> <Ports = 2> <Width = 8> <Depth = 16> <RAM>
ST_2 : Operation 25 [2/2] (2.32ns)   --->   "%state_data_V_load_2 = load i8* %state_data_V_addr_2, align 1" [AES_HLS/aes_implementation.cpp:227]   --->   Core 37 'RAM' <Latency = 1> <II = 1> <Delay = 2.32> <Storage> <Opcode : 'load' 'store'> <Ports = 2> <Width = 8> <Depth = 16> <RAM>
ST_2 : Operation 26 [2/2] (2.32ns)   --->   "%state_data_V_load_3 = load i8* %state_data_V_addr_3, align 1" [AES_HLS/aes_implementation.cpp:227]   --->   Core 37 'RAM' <Latency = 1> <II = 1> <Delay = 2.32> <Storage> <Opcode : 'load' 'store'> <Ports = 2> <Width = 8> <Depth = 16> <RAM>

 <State 3> : 2.32ns
ST_3 : Operation 27 [1/1] (0.00ns)   --->   "%state_data_V_addr_4 = getelementptr [16 x i8]* %state_data_V, i64 0, i64 4" [AES_HLS/aes_implementation.cpp:227]
ST_3 : Operation 28 [1/1] (0.00ns)   --->   "%state_data_V_addr_5 = getelementptr [16 x i8]* %state_data_V, i64 0, i64 5" [AES_HLS/aes_implementation.cpp:227]
ST_3 : Operation 29 [1/2] (2.32ns)   --->   "%state_data_V_load_2 = load i8* %state_data_V_addr_2, align 1" [AES_HLS/aes_implementation.cpp:227]   --->   Core 37 'RAM' <Latency = 1> <II = 1> <Delay = 2.32> <Storage> <Opcode : 'load' 'store'> <Ports = 2> <Width = 8> <Depth = 16> <RAM>
ST_3 : Operation 30 [1/2] (2.32ns)   --->   "%state_data_V_load_3 = load i8* %state_data_V_addr_3, align 1" [AES_HLS/aes_implementation.cpp:227]   --->   Core 37 'RAM' <Latency = 1> <II = 1> <Delay = 2.32> <Storage> <Opcode : 'load' 'store'> <Ports = 2> <Width = 8> <Depth = 16> <RAM>
ST_3 : Operation 31 [2/2] (2.32ns)   --->   "%state_data_V_load_4 = load i8* %state_data_V_addr_4, align 1" [AES_HLS/aes_implementation.cpp:227]   --->   Core 37 'RAM' <Latency = 1> <II = 1> <Delay = 2.32> <Storage> <Opcode : 'load' 'store'> <Ports = 2> <Width = 8> <Depth = 16> <RAM>
ST_3 : Operation 32 [2/2] (2.32ns)   --->   "%state_data_V_load_5 = load i8* %state_data_V_addr_5, align 1" [AES_HLS/aes_implementation.cpp:227]   --->   Core 37 'RAM' <Latency = 1> <II = 1> <Delay = 2.32> <Storage> <Opcode : 'load' 'store'> <Ports = 2> <Width = 8> <Depth = 16> <RAM>

 <State 4> : 2.32ns
ST_4 : Operation 33 [1/1] (0.00ns)   --->   "%state_data_V_addr_6 = getelementptr [16 x i8]* %state_data_V, i64 0, i64 6" [AES_HLS/aes_implementation.cpp:227]
ST_4 : Operation 34 [1/1] (0.00ns)   --->   "%state_data_V_addr_7 = getelementptr [16 x i8]* %state_data_V, i64 0, i64 7" [AES_HLS/aes_implementation.cpp:227]
ST_4 : Operation 35 [1/2] (2.32ns)   --->   "%state_data_V_load_4 = load i8* %state_data_V_addr_4, align 1" [AES_HLS/aes_implementation.cpp:227]   --->   Core 37 'RAM' <Latency = 1> <II = 1> <Delay = 2.32> <Storage> <Opcode : 'load' 'store'> <Ports = 2> <Width = 8> <Depth = 16> <RAM>
ST_4 : Operation 36 [1/2] (2.32ns)   --->   "%state_data_V_load_5 = load i8* %state_data_V_addr_5, align 1" [AES_HLS/aes_implementation.cpp:227]   --->   Core 37 'RAM' <Latency = 1> <II = 1> <Delay = 2.32> <Storage> <Opcode : 'load' 'store'> <Ports = 2> <Width = 8> <Depth = 16> <RAM>
ST_4 : Operation 37 [2/2] (2.32ns)   --->   "%state_data_V_load_6 = load i8* %state_data_V_addr_6, align 1" [AES_HLS/aes_implementation.cpp:227]   --->   Core 37 'RAM' <Latency = 1> <II = 1> <Delay = 2.32> <Storage> <Opcode : 'load' 'store'> <Ports = 2> <Width = 8> <Depth = 16> <RAM>
ST_4 : Operation 38 [2/2] (2.32ns)   --->   "%state_data_V_load_7 = load i8* %state_data_V_addr_7, align 1" [AES_HLS/aes_implementation.cpp:227]   --->   Core 37 'RAM' <Latency = 1> <II = 1> <Delay = 2.32> <Storage> <Opcode : 'load' 'store'> <Ports = 2> <Width = 8> <Depth = 16> <RAM>

 <State 5> : 2.32ns
ST_5 : Operation 39 [1/1] (0.00ns)   --->   "%state_data_V_addr_8 = getelementptr [16 x i8]* %state_data_V, i64 0, i64 8" [AES_HLS/aes_implementation.cpp:227]
ST_5 : Operation 40 [1/1] (0.00ns)   --->   "%state_data_V_addr_9 = getelementptr [16 x i8]* %state_data_V, i64 0, i64 9" [AES_HLS/aes_implementation.cpp:227]
ST_5 : Operation 41 [1/2] (2.32ns)   --->   "%state_data_V_load_6 = load i8* %state_data_V_addr_6, align 1" [AES_HLS/aes_implementation.cpp:227]   --->   Core 37 'RAM' <Latency = 1> <II = 1> <Delay = 2.32> <Storage> <Opcode : 'load' 'store'> <Ports = 2> <Width = 8> <Depth = 16> <RAM>
ST_5 : Operation 42 [1/2] (2.32ns)   --->   "%state_data_V_load_7 = load i8* %state_data_V_addr_7, align 1" [AES_HLS/aes_implementation.cpp:227]   --->   Core 37 'RAM' <Latency = 1> <II = 1> <Delay = 2.32> <Storage> <Opcode : 'load' 'store'> <Ports = 2> <Width = 8> <Depth = 16> <RAM>
ST_5 : Operation 43 [2/2] (2.32ns)   --->   "%state_data_V_load_8 = load i8* %state_data_V_addr_8, align 1" [AES_HLS/aes_implementation.cpp:227]   --->   Core 37 'RAM' <Latency = 1> <II = 1> <Delay = 2.32> <Storage> <Opcode : 'load' 'store'> <Ports = 2> <Width = 8> <Depth = 16> <RAM>
ST_5 : Operation 44 [2/2] (2.32ns)   --->   "%state_data_V_load_9 = load i8* %state_data_V_addr_9, align 1" [AES_HLS/aes_implementation.cpp:227]   --->   Core 37 'RAM' <Latency = 1> <II = 1> <Delay = 2.32> <Storage> <Opcode : 'load' 'store'> <Ports = 2> <Width = 8> <Depth = 16> <RAM>

 <State 6> : 2.32ns
ST_6 : Operation 45 [1/1] (0.00ns)   --->   "%state_data_V_addr_10 = getelementptr [16 x i8]* %state_data_V, i64 0, i64 10" [AES_HLS/aes_implementation.cpp:227]
ST_6 : Operation 46 [1/1] (0.00ns)   --->   "%state_data_V_addr_11 = getelementptr [16 x i8]* %state_data_V, i64 0, i64 11" [AES_HLS/aes_implementation.cpp:227]
ST_6 : Operation 47 [1/2] (2.32ns)   --->   "%state_data_V_load_8 = load i8* %state_data_V_addr_8, align 1" [AES_HLS/aes_implementation.cpp:227]   --->   Core 37 'RAM' <Latency = 1> <II = 1> <Delay = 2.32> <Storage> <Opcode : 'load' 'store'> <Ports = 2> <Width = 8> <Depth = 16> <RAM>
ST_6 : Operation 48 [1/2] (2.32ns)   --->   "%state_data_V_load_9 = load i8* %state_data_V_addr_9, align 1" [AES_HLS/aes_implementation.cpp:227]   --->   Core 37 'RAM' <Latency = 1> <II = 1> <Delay = 2.32> <Storage> <Opcode : 'load' 'store'> <Ports = 2> <Width = 8> <Depth = 16> <RAM>
ST_6 : Operation 49 [2/2] (2.32ns)   --->   "%state_data_V_load_10 = load i8* %state_data_V_addr_10, align 1" [AES_HLS/aes_implementation.cpp:227]   --->   Core 37 'RAM' <Latency = 1> <II = 1> <Delay = 2.32> <Storage> <Opcode : 'load' 'store'> <Ports = 2> <Width = 8> <Depth = 16> <RAM>
ST_6 : Operation 50 [2/2] (2.32ns)   --->   "%state_data_V_load_11 = load i8* %state_data_V_addr_11, align 1" [AES_HLS/aes_implementation.cpp:227]   --->   Core 37 'RAM' <Latency = 1> <II = 1> <Delay = 2.32> <Storage> <Opcode : 'load' 'store'> <Ports = 2> <Width = 8> <Depth = 16> <RAM>

 <State 7> : 2.32ns
ST_7 : Operation 51 [1/1] (0.00ns)   --->   "%state_data_V_addr_12 = getelementptr [16 x i8]* %state_data_V, i64 0, i64 12" [AES_HLS/aes_implementation.cpp:227]
ST_7 : Operation 52 [1/1] (0.00ns)   --->   "%state_data_V_addr_13 = getelementptr [16 x i8]* %state_data_V, i64 0, i64 13" [AES_HLS/aes_implementation.cpp:227]
ST_7 : Operation 53 [1/2] (2.32ns)   --->   "%state_data_V_load_10 = load i8* %state_data_V_addr_10, align 1" [AES_HLS/aes_implementation.cpp:227]   --->   Core 37 'RAM' <Latency = 1> <II = 1> <Delay = 2.32> <Storage> <Opcode : 'load' 'store'> <Ports = 2> <Width = 8> <Depth = 16> <RAM>
ST_7 : Operation 54 [1/2] (2.32ns)   --->   "%state_data_V_load_11 = load i8* %state_data_V_addr_11, align 1" [AES_HLS/aes_implementation.cpp:227]   --->   Core 37 'RAM' <Latency = 1> <II = 1> <Delay = 2.32> <Storage> <Opcode : 'load' 'store'> <Ports = 2> <Width = 8> <Depth = 16> <RAM>
ST_7 : Operation 55 [2/2] (2.32ns)   --->   "%state_data_V_load_12 = load i8* %state_data_V_addr_12, align 1" [AES_HLS/aes_implementation.cpp:227]   --->   Core 37 'RAM' <Latency = 1> <II = 1> <Delay = 2.32> <Storage> <Opcode : 'load' 'store'> <Ports = 2> <Width = 8> <Depth = 16> <RAM>
ST_7 : Operation 56 [2/2] (2.32ns)   --->   "%state_data_V_load_13 = load i8* %state_data_V_addr_13, align 1" [AES_HLS/aes_implementation.cpp:227]   --->   Core 37 'RAM' <Latency = 1> <II = 1> <Delay = 2.32> <Storage> <Opcode : 'load' 'store'> <Ports = 2> <Width = 8> <Depth = 16> <RAM>

 <State 8> : 3.25ns
ST_8 : Operation 57 [1/1] (0.00ns)   --->   "%state_data_V_addr_14 = getelementptr [16 x i8]* %state_data_V, i64 0, i64 14" [AES_HLS/aes_implementation.cpp:227]
ST_8 : Operation 58 [1/1] (0.00ns)   --->   "%state_data_V_addr_15 = getelementptr [16 x i8]* %state_data_V, i64 0, i64 15" [AES_HLS/aes_implementation.cpp:227]
ST_8 : Operation 59 [1/1] (0.00ns)   --->   "%tmp_2 = zext i8 %state_data_V_load to i64" [AES_HLS/aes_implementation.cpp:227]
ST_8 : Operation 60 [1/1] (0.00ns)   --->   "%sbox_V_addr = getelementptr [256 x i8]* @sbox_V, i64 0, i64 %tmp_2" [AES_HLS/aes_implementation.cpp:227]
ST_8 : Operation 61 [2/2] (3.25ns)   --->   "%sbox_V_load = load i8* %sbox_V_addr, align 1" [AES_HLS/aes_implementation.cpp:227]   --->   Core 48 'ROM_nP' <Latency = 1> <II = 1> <Delay = 3.25> <Storage> <Opcode : 'load'> <Ports = 0> <Width = 8> <Depth = 256> <ROM>
ST_8 : Operation 62 [1/1] (0.00ns)   --->   "%tmp_2_0_1 = zext i8 %state_data_V_load_1 to i64" [AES_HLS/aes_implementation.cpp:227]
ST_8 : Operation 63 [1/1] (0.00ns)   --->   "%sbox_V_addr_1 = getelementptr [256 x i8]* @sbox_V, i64 0, i64 %tmp_2_0_1" [AES_HLS/aes_implementation.cpp:227]
ST_8 : Operation 64 [2/2] (3.25ns)   --->   "%sbox_V_load_1 = load i8* %sbox_V_addr_1, align 1" [AES_HLS/aes_implementation.cpp:227]   --->   Core 48 'ROM_nP' <Latency = 1> <II = 1> <Delay = 3.25> <Storage> <Opcode : 'load'> <Ports = 0> <Width = 8> <Depth = 256> <ROM>
ST_8 : Operation 65 [1/2] (2.32ns)   --->   "%state_data_V_load_12 = load i8* %state_data_V_addr_12, align 1" [AES_HLS/aes_implementation.cpp:227]   --->   Core 37 'RAM' <Latency = 1> <II = 1> <Delay = 2.32> <Storage> <Opcode : 'load' 'store'> <Ports = 2> <Width = 8> <Depth = 16> <RAM>
ST_8 : Operation 66 [1/2] (2.32ns)   --->   "%state_data_V_load_13 = load i8* %state_data_V_addr_13, align 1" [AES_HLS/aes_implementation.cpp:227]   --->   Core 37 'RAM' <Latency = 1> <II = 1> <Delay = 2.32> <Storage> <Opcode : 'load' 'store'> <Ports = 2> <Width = 8> <Depth = 16> <RAM>
ST_8 : Operation 67 [2/2] (2.32ns)   --->   "%state_data_V_load_14 = load i8* %state_data_V_addr_14, align 1" [AES_HLS/aes_implementation.cpp:227]   --->   Core 37 'RAM' <Latency = 1> <II = 1> <Delay = 2.32> <Storage> <Opcode : 'load' 'store'> <Ports = 2> <Width = 8> <Depth = 16> <RAM>
ST_8 : Operation 68 [2/2] (2.32ns)   --->   "%state_data_V_load_15 = load i8* %state_data_V_addr_15, align 1" [AES_HLS/aes_implementation.cpp:227]   --->   Core 37 'RAM' <Latency = 1> <II = 1> <Delay = 2.32> <Storage> <Opcode : 'load' 'store'> <Ports = 2> <Width = 8> <Depth = 16> <RAM>

 <State 9> : 5.58ns
ST_9 : Operation 69 [1/2] (3.25ns)   --->   "%sbox_V_load = load i8* %sbox_V_addr, align 1" [AES_HLS/aes_implementation.cpp:227]   --->   Core 48 'ROM_nP' <Latency = 1> <II = 1> <Delay = 3.25> <Storage> <Opcode : 'load'> <Ports = 0> <Width = 8> <Depth = 256> <ROM>
ST_9 : Operation 70 [1/1] (2.32ns)   --->   "store i8 %sbox_V_load, i8* %state_data_V_addr, align 1" [AES_HLS/aes_implementation.cpp:107->AES_HLS/aes_implementation.cpp:227]   --->   Core 37 'RAM' <Latency = 1> <II = 1> <Delay = 2.32> <Storage> <Opcode : 'load' 'store'> <Ports = 2> <Width = 8> <Depth = 16> <RAM>
ST_9 : Operation 71 [1/2] (3.25ns)   --->   "%sbox_V_load_1 = load i8* %sbox_V_addr_1, align 1" [AES_HLS/aes_implementation.cpp:227]   --->   Core 48 'ROM_nP' <Latency = 1> <II = 1> <Delay = 3.25> <Storage> <Opcode : 'load'> <Ports = 0> <Width = 8> <Depth = 256> <ROM>
ST_9 : Operation 72 [1/1] (2.32ns)   --->   "store i8 %sbox_V_load_1, i8* %state_data_V_addr_1, align 1" [AES_HLS/aes_implementation.cpp:107->AES_HLS/aes_implementation.cpp:227]   --->   Core 37 'RAM' <Latency = 1> <II = 1> <Delay = 2.32> <Storage> <Opcode : 'load' 'store'> <Ports = 2> <Width = 8> <Depth = 16> <RAM>
ST_9 : Operation 73 [1/1] (0.00ns)   --->   "%tmp_2_0_2 = zext i8 %state_data_V_load_2 to i64" [AES_HLS/aes_implementation.cpp:227]
ST_9 : Operation 74 [1/1] (0.00ns)   --->   "%sbox_V_addr_2 = getelementptr [256 x i8]* @sbox_V, i64 0, i64 %tmp_2_0_2" [AES_HLS/aes_implementation.cpp:227]
ST_9 : Operation 75 [2/2] (3.25ns)   --->   "%sbox_V_load_2 = load i8* %sbox_V_addr_2, align 1" [AES_HLS/aes_implementation.cpp:227]   --->   Core 48 'ROM_nP' <Latency = 1> <II = 1> <Delay = 3.25> <Storage> <Opcode : 'load'> <Ports = 0> <Width = 8> <Depth = 256> <ROM>
ST_9 : Operation 76 [1/1] (0.00ns)   --->   "%tmp_2_0_3 = zext i8 %state_data_V_load_3 to i64" [AES_HLS/aes_implementation.cpp:227]
ST_9 : Operation 77 [1/1] (0.00ns)   --->   "%sbox_V_addr_3 = getelementptr [256 x i8]* @sbox_V, i64 0, i64 %tmp_2_0_3" [AES_HLS/aes_implementation.cpp:227]
ST_9 : Operation 78 [2/2] (3.25ns)   --->   "%sbox_V_load_3 = load i8* %sbox_V_addr_3, align 1" [AES_HLS/aes_implementation.cpp:227]   --->   Core 48 'ROM_nP' <Latency = 1> <II = 1> <Delay = 3.25> <Storage> <Opcode : 'load'> <Ports = 0> <Width = 8> <Depth = 256> <ROM>
ST_9 : Operation 79 [1/2] (2.32ns)   --->   "%state_data_V_load_14 = load i8* %state_data_V_addr_14, align 1" [AES_HLS/aes_implementation.cpp:227]   --->   Core 37 'RAM' <Latency = 1> <II = 1> <Delay = 2.32> <Storage> <Opcode : 'load' 'store'> <Ports = 2> <Width = 8> <Depth = 16> <RAM>
ST_9 : Operation 80 [1/2] (2.32ns)   --->   "%state_data_V_load_15 = load i8* %state_data_V_addr_15, align 1" [AES_HLS/aes_implementation.cpp:227]   --->   Core 37 'RAM' <Latency = 1> <II = 1> <Delay = 2.32> <Storage> <Opcode : 'load' 'store'> <Ports = 2> <Width = 8> <Depth = 16> <RAM>

 <State 10> : 5.58ns
ST_10 : Operation 81 [1/2] (3.25ns)   --->   "%sbox_V_load_2 = load i8* %sbox_V_addr_2, align 1" [AES_HLS/aes_implementation.cpp:227]   --->   Core 48 'ROM_nP' <Latency = 1> <II = 1> <Delay = 3.25> <Storage> <Opcode : 'load'> <Ports = 0> <Width = 8> <Depth = 256> <ROM>
ST_10 : Operation 82 [1/1] (2.32ns)   --->   "store i8 %sbox_V_load_2, i8* %state_data_V_addr_2, align 1" [AES_HLS/aes_implementation.cpp:107->AES_HLS/aes_implementation.cpp:227]   --->   Core 37 'RAM' <Latency = 1> <II = 1> <Delay = 2.32> <Storage> <Opcode : 'load' 'store'> <Ports = 2> <Width = 8> <Depth = 16> <RAM>
ST_10 : Operation 83 [1/2] (3.25ns)   --->   "%sbox_V_load_3 = load i8* %sbox_V_addr_3, align 1" [AES_HLS/aes_implementation.cpp:227]   --->   Core 48 'ROM_nP' <Latency = 1> <II = 1> <Delay = 3.25> <Storage> <Opcode : 'load'> <Ports = 0> <Width = 8> <Depth = 256> <ROM>
ST_10 : Operation 84 [1/1] (2.32ns)   --->   "store i8 %sbox_V_load_3, i8* %state_data_V_addr_3, align 1" [AES_HLS/aes_implementation.cpp:107->AES_HLS/aes_implementation.cpp:227]   --->   Core 37 'RAM' <Latency = 1> <II = 1> <Delay = 2.32> <Storage> <Opcode : 'load' 'store'> <Ports = 2> <Width = 8> <Depth = 16> <RAM>
ST_10 : Operation 85 [1/1] (0.00ns)   --->   "%tmp_2_1 = zext i8 %state_data_V_load_4 to i64" [AES_HLS/aes_implementation.cpp:227]
ST_10 : Operation 86 [1/1] (0.00ns)   --->   "%sbox_V_addr_4 = getelementptr [256 x i8]* @sbox_V, i64 0, i64 %tmp_2_1" [AES_HLS/aes_implementation.cpp:227]
ST_10 : Operation 87 [2/2] (3.25ns)   --->   "%sbox_V_load_4 = load i8* %sbox_V_addr_4, align 1" [AES_HLS/aes_implementation.cpp:227]   --->   Core 48 'ROM_nP' <Latency = 1> <II = 1> <Delay = 3.25> <Storage> <Opcode : 'load'> <Ports = 0> <Width = 8> <Depth = 256> <ROM>
ST_10 : Operation 88 [1/1] (0.00ns)   --->   "%tmp_2_1_1 = zext i8 %state_data_V_load_5 to i64" [AES_HLS/aes_implementation.cpp:227]
ST_10 : Operation 89 [1/1] (0.00ns)   --->   "%sbox_V_addr_5 = getelementptr [256 x i8]* @sbox_V, i64 0, i64 %tmp_2_1_1" [AES_HLS/aes_implementation.cpp:227]
ST_10 : Operation 90 [2/2] (3.25ns)   --->   "%sbox_V_load_5 = load i8* %sbox_V_addr_5, align 1" [AES_HLS/aes_implementation.cpp:227]   --->   Core 48 'ROM_nP' <Latency = 1> <II = 1> <Delay = 3.25> <Storage> <Opcode : 'load'> <Ports = 0> <Width = 8> <Depth = 256> <ROM>

 <State 11> : 5.58ns
ST_11 : Operation 91 [1/2] (3.25ns)   --->   "%sbox_V_load_4 = load i8* %sbox_V_addr_4, align 1" [AES_HLS/aes_implementation.cpp:227]   --->   Core 48 'ROM_nP' <Latency = 1> <II = 1> <Delay = 3.25> <Storage> <Opcode : 'load'> <Ports = 0> <Width = 8> <Depth = 256> <ROM>
ST_11 : Operation 92 [1/1] (2.32ns)   --->   "store i8 %sbox_V_load_4, i8* %state_data_V_addr_4, align 1" [AES_HLS/aes_implementation.cpp:107->AES_HLS/aes_implementation.cpp:227]   --->   Core 37 'RAM' <Latency = 1> <II = 1> <Delay = 2.32> <Storage> <Opcode : 'load' 'store'> <Ports = 2> <Width = 8> <Depth = 16> <RAM>
ST_11 : Operation 93 [1/2] (3.25ns)   --->   "%sbox_V_load_5 = load i8* %sbox_V_addr_5, align 1" [AES_HLS/aes_implementation.cpp:227]   --->   Core 48 'ROM_nP' <Latency = 1> <II = 1> <Delay = 3.25> <Storage> <Opcode : 'load'> <Ports = 0> <Width = 8> <Depth = 256> <ROM>
ST_11 : Operation 94 [1/1] (2.32ns)   --->   "store i8 %sbox_V_load_5, i8* %state_data_V_addr_5, align 1" [AES_HLS/aes_implementation.cpp:107->AES_HLS/aes_implementation.cpp:227]   --->   Core 37 'RAM' <Latency = 1> <II = 1> <Delay = 2.32> <Storage> <Opcode : 'load' 'store'> <Ports = 2> <Width = 8> <Depth = 16> <RAM>
ST_11 : Operation 95 [1/1] (0.00ns)   --->   "%tmp_2_1_2 = zext i8 %state_data_V_load_6 to i64" [AES_HLS/aes_implementation.cpp:227]
ST_11 : Operation 96 [1/1] (0.00ns)   --->   "%sbox_V_addr_6 = getelementptr [256 x i8]* @sbox_V, i64 0, i64 %tmp_2_1_2" [AES_HLS/aes_implementation.cpp:227]
ST_11 : Operation 97 [2/2] (3.25ns)   --->   "%sbox_V_load_6 = load i8* %sbox_V_addr_6, align 1" [AES_HLS/aes_implementation.cpp:227]   --->   Core 48 'ROM_nP' <Latency = 1> <II = 1> <Delay = 3.25> <Storage> <Opcode : 'load'> <Ports = 0> <Width = 8> <Depth = 256> <ROM>
ST_11 : Operation 98 [1/1] (0.00ns)   --->   "%tmp_2_1_3 = zext i8 %state_data_V_load_7 to i64" [AES_HLS/aes_implementation.cpp:227]
ST_11 : Operation 99 [1/1] (0.00ns)   --->   "%sbox_V_addr_7 = getelementptr [256 x i8]* @sbox_V, i64 0, i64 %tmp_2_1_3" [AES_HLS/aes_implementation.cpp:227]
ST_11 : Operation 100 [2/2] (3.25ns)   --->   "%sbox_V_load_7 = load i8* %sbox_V_addr_7, align 1" [AES_HLS/aes_implementation.cpp:227]   --->   Core 48 'ROM_nP' <Latency = 1> <II = 1> <Delay = 3.25> <Storage> <Opcode : 'load'> <Ports = 0> <Width = 8> <Depth = 256> <ROM>

 <State 12> : 5.58ns
ST_12 : Operation 101 [1/2] (3.25ns)   --->   "%sbox_V_load_6 = load i8* %sbox_V_addr_6, align 1" [AES_HLS/aes_implementation.cpp:227]   --->   Core 48 'ROM_nP' <Latency = 1> <II = 1> <Delay = 3.25> <Storage> <Opcode : 'load'> <Ports = 0> <Width = 8> <Depth = 256> <ROM>
ST_12 : Operation 102 [1/1] (2.32ns)   --->   "store i8 %sbox_V_load_6, i8* %state_data_V_addr_6, align 1" [AES_HLS/aes_implementation.cpp:107->AES_HLS/aes_implementation.cpp:227]   --->   Core 37 'RAM' <Latency = 1> <II = 1> <Delay = 2.32> <Storage> <Opcode : 'load' 'store'> <Ports = 2> <Width = 8> <Depth = 16> <RAM>
ST_12 : Operation 103 [1/2] (3.25ns)   --->   "%sbox_V_load_7 = load i8* %sbox_V_addr_7, align 1" [AES_HLS/aes_implementation.cpp:227]   --->   Core 48 'ROM_nP' <Latency = 1> <II = 1> <Delay = 3.25> <Storage> <Opcode : 'load'> <Ports = 0> <Width = 8> <Depth = 256> <ROM>
ST_12 : Operation 104 [1/1] (2.32ns)   --->   "store i8 %sbox_V_load_7, i8* %state_data_V_addr_7, align 1" [AES_HLS/aes_implementation.cpp:107->AES_HLS/aes_implementation.cpp:227]   --->   Core 37 'RAM' <Latency = 1> <II = 1> <Delay = 2.32> <Storage> <Opcode : 'load' 'store'> <Ports = 2> <Width = 8> <Depth = 16> <RAM>
ST_12 : Operation 105 [1/1] (0.00ns)   --->   "%tmp_2_2 = zext i8 %state_data_V_load_8 to i64" [AES_HLS/aes_implementation.cpp:227]
ST_12 : Operation 106 [1/1] (0.00ns)   --->   "%sbox_V_addr_8 = getelementptr [256 x i8]* @sbox_V, i64 0, i64 %tmp_2_2" [AES_HLS/aes_implementation.cpp:227]
ST_12 : Operation 107 [2/2] (3.25ns)   --->   "%sbox_V_load_8 = load i8* %sbox_V_addr_8, align 1" [AES_HLS/aes_implementation.cpp:227]   --->   Core 48 'ROM_nP' <Latency = 1> <II = 1> <Delay = 3.25> <Storage> <Opcode : 'load'> <Ports = 0> <Width = 8> <Depth = 256> <ROM>
ST_12 : Operation 108 [1/1] (0.00ns)   --->   "%tmp_2_2_1 = zext i8 %state_data_V_load_9 to i64" [AES_HLS/aes_implementation.cpp:227]
ST_12 : Operation 109 [1/1] (0.00ns)   --->   "%sbox_V_addr_9 = getelementptr [256 x i8]* @sbox_V, i64 0, i64 %tmp_2_2_1" [AES_HLS/aes_implementation.cpp:227]
ST_12 : Operation 110 [2/2] (3.25ns)   --->   "%sbox_V_load_9 = load i8* %sbox_V_addr_9, align 1" [AES_HLS/aes_implementation.cpp:227]   --->   Core 48 'ROM_nP' <Latency = 1> <II = 1> <Delay = 3.25> <Storage> <Opcode : 'load'> <Ports = 0> <Width = 8> <Depth = 256> <ROM>

 <State 13> : 5.58ns
ST_13 : Operation 111 [1/2] (3.25ns)   --->   "%sbox_V_load_8 = load i8* %sbox_V_addr_8, align 1" [AES_HLS/aes_implementation.cpp:227]   --->   Core 48 'ROM_nP' <Latency = 1> <II = 1> <Delay = 3.25> <Storage> <Opcode : 'load'> <Ports = 0> <Width = 8> <Depth = 256> <ROM>
ST_13 : Operation 112 [1/1] (2.32ns)   --->   "store i8 %sbox_V_load_8, i8* %state_data_V_addr_8, align 1" [AES_HLS/aes_implementation.cpp:107->AES_HLS/aes_implementation.cpp:227]   --->   Core 37 'RAM' <Latency = 1> <II = 1> <Delay = 2.32> <Storage> <Opcode : 'load' 'store'> <Ports = 2> <Width = 8> <Depth = 16> <RAM>
ST_13 : Operation 113 [1/2] (3.25ns)   --->   "%sbox_V_load_9 = load i8* %sbox_V_addr_9, align 1" [AES_HLS/aes_implementation.cpp:227]   --->   Core 48 'ROM_nP' <Latency = 1> <II = 1> <Delay = 3.25> <Storage> <Opcode : 'load'> <Ports = 0> <Width = 8> <Depth = 256> <ROM>
ST_13 : Operation 114 [1/1] (2.32ns)   --->   "store i8 %sbox_V_load_9, i8* %state_data_V_addr_9, align 1" [AES_HLS/aes_implementation.cpp:107->AES_HLS/aes_implementation.cpp:227]   --->   Core 37 'RAM' <Latency = 1> <II = 1> <Delay = 2.32> <Storage> <Opcode : 'load' 'store'> <Ports = 2> <Width = 8> <Depth = 16> <RAM>
ST_13 : Operation 115 [1/1] (0.00ns)   --->   "%tmp_2_2_2 = zext i8 %state_data_V_load_10 to i64" [AES_HLS/aes_implementation.cpp:227]
ST_13 : Operation 116 [1/1] (0.00ns)   --->   "%sbox_V_addr_10 = getelementptr [256 x i8]* @sbox_V, i64 0, i64 %tmp_2_2_2" [AES_HLS/aes_implementation.cpp:227]
ST_13 : Operation 117 [2/2] (3.25ns)   --->   "%sbox_V_load_10 = load i8* %sbox_V_addr_10, align 1" [AES_HLS/aes_implementation.cpp:227]   --->   Core 48 'ROM_nP' <Latency = 1> <II = 1> <Delay = 3.25> <Storage> <Opcode : 'load'> <Ports = 0> <Width = 8> <Depth = 256> <ROM>
ST_13 : Operation 118 [1/1] (0.00ns)   --->   "%tmp_2_2_3 = zext i8 %state_data_V_load_11 to i64" [AES_HLS/aes_implementation.cpp:227]
ST_13 : Operation 119 [1/1] (0.00ns)   --->   "%sbox_V_addr_11 = getelementptr [256 x i8]* @sbox_V, i64 0, i64 %tmp_2_2_3" [AES_HLS/aes_implementation.cpp:227]
ST_13 : Operation 120 [2/2] (3.25ns)   --->   "%sbox_V_load_11 = load i8* %sbox_V_addr_11, align 1" [AES_HLS/aes_implementation.cpp:227]   --->   Core 48 'ROM_nP' <Latency = 1> <II = 1> <Delay = 3.25> <Storage> <Opcode : 'load'> <Ports = 0> <Width = 8> <Depth = 256> <ROM>

 <State 14> : 5.58ns
ST_14 : Operation 121 [1/2] (3.25ns)   --->   "%sbox_V_load_10 = load i8* %sbox_V_addr_10, align 1" [AES_HLS/aes_implementation.cpp:227]   --->   Core 48 'ROM_nP' <Latency = 1> <II = 1> <Delay = 3.25> <Storage> <Opcode : 'load'> <Ports = 0> <Width = 8> <Depth = 256> <ROM>
ST_14 : Operation 122 [1/1] (2.32ns)   --->   "store i8 %sbox_V_load_10, i8* %state_data_V_addr_10, align 1" [AES_HLS/aes_implementation.cpp:107->AES_HLS/aes_implementation.cpp:227]   --->   Core 37 'RAM' <Latency = 1> <II = 1> <Delay = 2.32> <Storage> <Opcode : 'load' 'store'> <Ports = 2> <Width = 8> <Depth = 16> <RAM>
ST_14 : Operation 123 [1/2] (3.25ns)   --->   "%sbox_V_load_11 = load i8* %sbox_V_addr_11, align 1" [AES_HLS/aes_implementation.cpp:227]   --->   Core 48 'ROM_nP' <Latency = 1> <II = 1> <Delay = 3.25> <Storage> <Opcode : 'load'> <Ports = 0> <Width = 8> <Depth = 256> <ROM>
ST_14 : Operation 124 [1/1] (2.32ns)   --->   "store i8 %sbox_V_load_11, i8* %state_data_V_addr_11, align 1" [AES_HLS/aes_implementation.cpp:107->AES_HLS/aes_implementation.cpp:227]   --->   Core 37 'RAM' <Latency = 1> <II = 1> <Delay = 2.32> <Storage> <Opcode : 'load' 'store'> <Ports = 2> <Width = 8> <Depth = 16> <RAM>
ST_14 : Operation 125 [1/1] (0.00ns)   --->   "%tmp_2_3 = zext i8 %state_data_V_load_12 to i64" [AES_HLS/aes_implementation.cpp:227]
ST_14 : Operation 126 [1/1] (0.00ns)   --->   "%sbox_V_addr_12 = getelementptr [256 x i8]* @sbox_V, i64 0, i64 %tmp_2_3" [AES_HLS/aes_implementation.cpp:227]
ST_14 : Operation 127 [2/2] (3.25ns)   --->   "%sbox_V_load_12 = load i8* %sbox_V_addr_12, align 1" [AES_HLS/aes_implementation.cpp:227]   --->   Core 48 'ROM_nP' <Latency = 1> <II = 1> <Delay = 3.25> <Storage> <Opcode : 'load'> <Ports = 0> <Width = 8> <Depth = 256> <ROM>
ST_14 : Operation 128 [1/1] (0.00ns)   --->   "%tmp_2_3_1 = zext i8 %state_data_V_load_13 to i64" [AES_HLS/aes_implementation.cpp:227]
ST_14 : Operation 129 [1/1] (0.00ns)   --->   "%sbox_V_addr_13 = getelementptr [256 x i8]* @sbox_V, i64 0, i64 %tmp_2_3_1" [AES_HLS/aes_implementation.cpp:227]
ST_14 : Operation 130 [2/2] (3.25ns)   --->   "%sbox_V_load_13 = load i8* %sbox_V_addr_13, align 1" [AES_HLS/aes_implementation.cpp:227]   --->   Core 48 'ROM_nP' <Latency = 1> <II = 1> <Delay = 3.25> <Storage> <Opcode : 'load'> <Ports = 0> <Width = 8> <Depth = 256> <ROM>

 <State 15> : 5.58ns
ST_15 : Operation 131 [1/2] (3.25ns)   --->   "%sbox_V_load_12 = load i8* %sbox_V_addr_12, align 1" [AES_HLS/aes_implementation.cpp:227]   --->   Core 48 'ROM_nP' <Latency = 1> <II = 1> <Delay = 3.25> <Storage> <Opcode : 'load'> <Ports = 0> <Width = 8> <Depth = 256> <ROM>
ST_15 : Operation 132 [1/1] (2.32ns)   --->   "store i8 %sbox_V_load_12, i8* %state_data_V_addr_12, align 1" [AES_HLS/aes_implementation.cpp:107->AES_HLS/aes_implementation.cpp:227]   --->   Core 37 'RAM' <Latency = 1> <II = 1> <Delay = 2.32> <Storage> <Opcode : 'load' 'store'> <Ports = 2> <Width = 8> <Depth = 16> <RAM>
ST_15 : Operation 133 [1/2] (3.25ns)   --->   "%sbox_V_load_13 = load i8* %sbox_V_addr_13, align 1" [AES_HLS/aes_implementation.cpp:227]   --->   Core 48 'ROM_nP' <Latency = 1> <II = 1> <Delay = 3.25> <Storage> <Opcode : 'load'> <Ports = 0> <Width = 8> <Depth = 256> <ROM>
ST_15 : Operation 134 [1/1] (2.32ns)   --->   "store i8 %sbox_V_load_13, i8* %state_data_V_addr_13, align 1" [AES_HLS/aes_implementation.cpp:107->AES_HLS/aes_implementation.cpp:227]   --->   Core 37 'RAM' <Latency = 1> <II = 1> <Delay = 2.32> <Storage> <Opcode : 'load' 'store'> <Ports = 2> <Width = 8> <Depth = 16> <RAM>
ST_15 : Operation 135 [1/1] (0.00ns)   --->   "%tmp_2_3_2 = zext i8 %state_data_V_load_14 to i64" [AES_HLS/aes_implementation.cpp:227]
ST_15 : Operation 136 [1/1] (0.00ns)   --->   "%sbox_V_addr_14 = getelementptr [256 x i8]* @sbox_V, i64 0, i64 %tmp_2_3_2" [AES_HLS/aes_implementation.cpp:227]
ST_15 : Operation 137 [2/2] (3.25ns)   --->   "%sbox_V_load_14 = load i8* %sbox_V_addr_14, align 1" [AES_HLS/aes_implementation.cpp:227]   --->   Core 48 'ROM_nP' <Latency = 1> <II = 1> <Delay = 3.25> <Storage> <Opcode : 'load'> <Ports = 0> <Width = 8> <Depth = 256> <ROM>
ST_15 : Operation 138 [1/1] (0.00ns)   --->   "%tmp_2_3_3 = zext i8 %state_data_V_load_15 to i64" [AES_HLS/aes_implementation.cpp:227]
ST_15 : Operation 139 [1/1] (0.00ns)   --->   "%sbox_V_addr_15 = getelementptr [256 x i8]* @sbox_V, i64 0, i64 %tmp_2_3_3" [AES_HLS/aes_implementation.cpp:227]
ST_15 : Operation 140 [2/2] (3.25ns)   --->   "%sbox_V_load_15 = load i8* %sbox_V_addr_15, align 1" [AES_HLS/aes_implementation.cpp:227]   --->   Core 48 'ROM_nP' <Latency = 1> <II = 1> <Delay = 3.25> <Storage> <Opcode : 'load'> <Ports = 0> <Width = 8> <Depth = 256> <ROM>

 <State 16> : 5.58ns
ST_16 : Operation 141 [1/2] (3.25ns)   --->   "%sbox_V_load_14 = load i8* %sbox_V_addr_14, align 1" [AES_HLS/aes_implementation.cpp:227]   --->   Core 48 'ROM_nP' <Latency = 1> <II = 1> <Delay = 3.25> <Storage> <Opcode : 'load'> <Ports = 0> <Width = 8> <Depth = 256> <ROM>
ST_16 : Operation 142 [1/1] (2.32ns)   --->   "store i8 %sbox_V_load_14, i8* %state_data_V_addr_14, align 1" [AES_HLS/aes_implementation.cpp:107->AES_HLS/aes_implementation.cpp:227]   --->   Core 37 'RAM' <Latency = 1> <II = 1> <Delay = 2.32> <Storage> <Opcode : 'load' 'store'> <Ports = 2> <Width = 8> <Depth = 16> <RAM>
ST_16 : Operation 143 [1/2] (3.25ns)   --->   "%sbox_V_load_15 = load i8* %sbox_V_addr_15, align 1" [AES_HLS/aes_implementation.cpp:227]   --->   Core 48 'ROM_nP' <Latency = 1> <II = 1> <Delay = 3.25> <Storage> <Opcode : 'load'> <Ports = 0> <Width = 8> <Depth = 256> <ROM>
ST_16 : Operation 144 [1/1] (2.32ns)   --->   "store i8 %sbox_V_load_15, i8* %state_data_V_addr_15, align 1" [AES_HLS/aes_implementation.cpp:107->AES_HLS/aes_implementation.cpp:227]   --->   Core 37 'RAM' <Latency = 1> <II = 1> <Delay = 2.32> <Storage> <Opcode : 'load' 'store'> <Ports = 2> <Width = 8> <Depth = 16> <RAM>
ST_16 : Operation 145 [1/1] (0.00ns)   --->   "ret void" [AES_HLS/aes_implementation.cpp:230]


============================================================
+ Verbose Summary: Timing violations
============================================================
Target clock period: 10ns, clock uncertainty: 1.25ns.

 <State 1>: 2.32ns
The critical path consists of the following:
	'getelementptr' operation ('state_data_V_addr', AES_HLS/aes_implementation.cpp:227) [3]  (0 ns)
	'load' operation ('state_data_V_load', AES_HLS/aes_implementation.cpp:227) on array 'state_data_V' [19]  (2.32 ns)

 <State 2>: 2.32ns
The critical path consists of the following:
	'getelementptr' operation ('state_data_V_addr_2', AES_HLS/aes_implementation.cpp:227) [5]  (0 ns)
	'load' operation ('state_data_V_load_2', AES_HLS/aes_implementation.cpp:227) on array 'state_data_V' [29]  (2.32 ns)

 <State 3>: 2.32ns
The critical path consists of the following:
	'getelementptr' operation ('state_data_V_addr_4', AES_HLS/aes_implementation.cpp:227) [7]  (0 ns)
	'load' operation ('state_data_V_load_4', AES_HLS/aes_implementation.cpp:227) on array 'state_data_V' [39]  (2.32 ns)

 <State 4>: 2.32ns
The critical path consists of the following:
	'getelementptr' operation ('state_data_V_addr_6', AES_HLS/aes_implementation.cpp:227) [9]  (0 ns)
	'load' operation ('state_data_V_load_6', AES_HLS/aes_implementation.cpp:227) on array 'state_data_V' [49]  (2.32 ns)

 <State 5>: 2.32ns
The critical path consists of the following:
	'getelementptr' operation ('state_data_V_addr_8', AES_HLS/aes_implementation.cpp:227) [11]  (0 ns)
	'load' operation ('state_data_V_load_8', AES_HLS/aes_implementation.cpp:227) on array 'state_data_V' [59]  (2.32 ns)

 <State 6>: 2.32ns
The critical path consists of the following:
	'getelementptr' operation ('state_data_V_addr_10', AES_HLS/aes_implementation.cpp:227) [13]  (0 ns)
	'load' operation ('state_data_V_load_10', AES_HLS/aes_implementation.cpp:227) on array 'state_data_V' [69]  (2.32 ns)

 <State 7>: 2.32ns
The critical path consists of the following:
	'getelementptr' operation ('state_data_V_addr_12', AES_HLS/aes_implementation.cpp:227) [15]  (0 ns)
	'load' operation ('state_data_V_load_12', AES_HLS/aes_implementation.cpp:227) on array 'state_data_V' [79]  (2.32 ns)

 <State 8>: 3.25ns
The critical path consists of the following:
	'getelementptr' operation ('sbox_V_addr', AES_HLS/aes_implementation.cpp:227) [21]  (0 ns)
	'load' operation ('op2.V', AES_HLS/aes_implementation.cpp:227) on array 'sbox_V' [22]  (3.25 ns)

 <State 9>: 5.58ns
The critical path consists of the following:
	'load' operation ('op2.V', AES_HLS/aes_implementation.cpp:227) on array 'sbox_V' [22]  (3.25 ns)
	'store' operation (AES_HLS/aes_implementation.cpp:107->AES_HLS/aes_implementation.cpp:227) of variable 'op2.V', AES_HLS/aes_implementation.cpp:227 on array 'state_data_V' [23]  (2.32 ns)

 <State 10>: 5.58ns
The critical path consists of the following:
	'load' operation ('op2.V', AES_HLS/aes_implementation.cpp:227) on array 'sbox_V' [32]  (3.25 ns)
	'store' operation (AES_HLS/aes_implementation.cpp:107->AES_HLS/aes_implementation.cpp:227) of variable 'op2.V', AES_HLS/aes_implementation.cpp:227 on array 'state_data_V' [33]  (2.32 ns)

 <State 11>: 5.58ns
The critical path consists of the following:
	'load' operation ('op2.V', AES_HLS/aes_implementation.cpp:227) on array 'sbox_V' [42]  (3.25 ns)
	'store' operation (AES_HLS/aes_implementation.cpp:107->AES_HLS/aes_implementation.cpp:227) of variable 'op2.V', AES_HLS/aes_implementation.cpp:227 on array 'state_data_V' [43]  (2.32 ns)

 <State 12>: 5.58ns
The critical path consists of the following:
	'load' operation ('op2.V', AES_HLS/aes_implementation.cpp:227) on array 'sbox_V' [52]  (3.25 ns)
	'store' operation (AES_HLS/aes_implementation.cpp:107->AES_HLS/aes_implementation.cpp:227) of variable 'op2.V', AES_HLS/aes_implementation.cpp:227 on array 'state_data_V' [53]  (2.32 ns)

 <State 13>: 5.58ns
The critical path consists of the following:
	'load' operation ('op2.V', AES_HLS/aes_implementation.cpp:227) on array 'sbox_V' [62]  (3.25 ns)
	'store' operation (AES_HLS/aes_implementation.cpp:107->AES_HLS/aes_implementation.cpp:227) of variable 'op2.V', AES_HLS/aes_implementation.cpp:227 on array 'state_data_V' [63]  (2.32 ns)

 <State 14>: 5.58ns
The critical path consists of the following:
	'load' operation ('op2.V', AES_HLS/aes_implementation.cpp:227) on array 'sbox_V' [72]  (3.25 ns)
	'store' operation (AES_HLS/aes_implementation.cpp:107->AES_HLS/aes_implementation.cpp:227) of variable 'op2.V', AES_HLS/aes_implementation.cpp:227 on array 'state_data_V' [73]  (2.32 ns)

 <State 15>: 5.58ns
The critical path consists of the following:
	'load' operation ('op2.V', AES_HLS/aes_implementation.cpp:227) on array 'sbox_V' [82]  (3.25 ns)
	'store' operation (AES_HLS/aes_implementation.cpp:107->AES_HLS/aes_implementation.cpp:227) of variable 'op2.V', AES_HLS/aes_implementation.cpp:227 on array 'state_data_V' [83]  (2.32 ns)

 <State 16>: 5.58ns
The critical path consists of the following:
	'load' operation ('op2.V', AES_HLS/aes_implementation.cpp:227) on array 'sbox_V' [92]  (3.25 ns)
	'store' operation (AES_HLS/aes_implementation.cpp:107->AES_HLS/aes_implementation.cpp:227) of variable 'op2.V', AES_HLS/aes_implementation.cpp:227 on array 'state_data_V' [93]  (2.32 ns)


============================================================
+ Verbose Summary: Binding
============================================================
N/A
* FSMD analyzer results:
  - Output states:
 - Input state : 
  - Chain level:
	State 1
	State 2
	State 3
	State 4
	State 5
	State 6
	State 7
	State 8
	State 9
	State 10
	State 11
	State 12
	State 13
	State 14
	State 15
	State 16


============================================================
+ Verbose Summary: Datapath Resource usage 
============================================================
N/A
