

================================================================
== Vivado HLS Report for 'AESEncrypt_TopFunction'
================================================================
* Date:           Tue Jan 14 16:43:28 2025

* Version:        2018.1 (Build 2188600 on Wed Apr 04 19:04:02 MDT 2018)
* Project:        AES_HLS
* Solution:       aes
* Product family: zynq
* Target device:  xc7z020clg400-1


================================================================
== Performance Estimates
================================================================
+ Timing (ns): 
    * Summary: 
    +--------+-------+----------+------------+
    |  Clock | Target| Estimated| Uncertainty|
    +--------+-------+----------+------------+
    |ap_clk  |  10.00|      7.50|        1.25|
    +--------+-------+----------+------------+

+ Latency (clock cycles): 
    * Summary: 
    +------+------+------+------+---------+
    |   Latency   |   Interval  | Pipeline|
    |  min |  max |  min |  max |   Type  |
    +------+------+------+------+---------+
    |  2529|  3049|  2529|  3049|   none  |
    +------+------+------+------+---------+

    + Detail: 
        * Instance: 
        +-----------------------+------------+------+------+------+------+---------+
        |                       |            |   Latency   |   Interval  | Pipeline|
        |        Instance       |   Module   |  min |  max |  min |  max |   Type  |
        +-----------------------+------------+------+------+------+------+---------+
        |grp_aesEncrypt_fu_174  |aesEncrypt  |  2458|  2978|  2458|  2978|   none  |
        |grp_matrix2axi_fu_188  |matrix2axi  |     8|     8|     8|     8|   none  |
        |grp_axi2matrix_fu_207  |axi2matrix  |     7|     7|     7|     7|   none  |
        |grp_axi2matrix_fu_226  |axi2matrix  |     7|     7|     7|     7|   none  |
        +-----------------------+------------+------+------+------+------+---------+

        * Loop: 
        +-------------+-----+-----+----------+-----------+-----------+------+----------+
        |             |  Latency  | Iteration|  Initiation Interval  | Trip |          |
        |  Loop Name  | min | max |  Latency |  achieved |   target  | Count| Pipelined|
        +-------------+-----+-----+----------+-----------+-----------+------+----------+
        |- Loop 1     |   24|   24|         6|          -|          -|     4|    no    |
        | + Loop 1.1  |    4|    4|         1|          -|          -|     4|    no    |
        |- Loop 2     |   24|   24|         6|          -|          -|     4|    no    |
        | + Loop 2.1  |    4|    4|         1|          -|          -|     4|    no    |
        +-------------+-----+-----+----------+-----------+-----------+------+----------+



================================================================
== Utilization Estimates
================================================================
* Summary: 
+-----------------+---------+-------+--------+-------+
|       Name      | BRAM_18K| DSP48E|   FF   |  LUT  |
+-----------------+---------+-------+--------+-------+
|DSP              |        -|      -|       -|      -|
|Expression       |        -|      -|       0|    370|
|FIFO             |        -|      -|       -|      -|
|Instance         |        7|      -|    1471|   4477|
|Memory           |        2|      -|       0|      0|
|Multiplexer      |        -|      -|       -|    977|
|Register         |        -|      -|    1107|      -|
+-----------------+---------+-------+--------+-------+
|Total            |        9|      0|    2578|   5824|
+-----------------+---------+-------+--------+-------+
|Available        |      280|    220|  106400|  53200|
+-----------------+---------+-------+--------+-------+
|Utilization (%)  |        3|      0|       2|     10|
+-----------------+---------+-------+--------+-------+

+ Detail: 
    * Instance: 
    +----------------------------------------+--------------------------------------+---------+-------+------+------+
    |                Instance                |                Module                | BRAM_18K| DSP48E|  FF  |  LUT |
    +----------------------------------------+--------------------------------------+---------+-------+------+------+
    |AESEncrypt_TopFunction_control_s_axi_U  |AESEncrypt_TopFunction_control_s_axi  |        0|      0|    36|    40|
    |grp_aesEncrypt_fu_174                   |aesEncrypt                            |        7|      0|  1073|  3822|
    |grp_axi2matrix_fu_207                   |axi2matrix                            |        0|      0|   120|   231|
    |grp_axi2matrix_fu_226                   |axi2matrix                            |        0|      0|   120|   231|
    |grp_matrix2axi_fu_188                   |matrix2axi                            |        0|      0|   122|   153|
    +----------------------------------------+--------------------------------------+---------+-------+------+------+
    |Total                                   |                                      |        7|      0|  1471|  4477|
    +----------------------------------------+--------------------------------------+---------+-------+------+------+

    * DSP48: 
    N/A

    * Memory: 
    +---------------------+----------------------+---------+---+----+------+-----+------+-------------+
    |        Memory       |        Module        | BRAM_18K| FF| LUT| Words| Bits| Banks| W*Bits*Banks|
    +---------------------+----------------------+---------+---+----+------+-----+------+-------------+
    |matrixText_data_V_U  |AESEncrypt_TopFunjbC  |        1|  0|   0|    16|    8|     1|          128|
    |matrixKey_data_V_U   |AESEncrypt_TopFunkbM  |        1|  0|   0|    16|    8|     1|          128|
    +---------------------+----------------------+---------+---+----+------+-----+------+-------------+
    |Total                |                      |        2|  0|   0|    32|   16|     2|          256|
    +---------------------+----------------------+---------+---+----+------+-----+------+-------------+

    * FIFO: 
    N/A

    * Expression: 
    +------------------------------------------+----------+-------+---+----+------------+------------+
    |               Variable Name              | Operation| DSP48E| FF| LUT| Bitwidth P0| Bitwidth P1|
    +------------------------------------------+----------+-------+---+----+------------+------------+
    |i_1_fu_301_p2                             |     +    |      0|  0|  12|           3|           1|
    |i_fu_251_p2                               |     +    |      0|  0|  12|           3|           1|
    |j_1_fu_325_p2                             |     +    |      0|  0|  12|           3|           1|
    |j_fu_275_p2                               |     +    |      0|  0|  12|           3|           1|
    |tmp_24_fu_285_p2                          |     +    |      0|  0|  15|           6|           6|
    |tmp_25_fu_335_p2                          |     +    |      0|  0|  15|           6|           6|
    |stream_in_key_V_data_V_0_load_A           |    and   |      0|  0|   2|           1|           1|
    |stream_in_key_V_data_V_0_load_B           |    and   |      0|  0|   2|           1|           1|
    |stream_in_key_V_dest_V_0_load_A           |    and   |      0|  0|   2|           1|           1|
    |stream_in_key_V_dest_V_0_load_B           |    and   |      0|  0|   2|           1|           1|
    |stream_in_key_V_id_V_0_load_A             |    and   |      0|  0|   2|           1|           1|
    |stream_in_key_V_id_V_0_load_B             |    and   |      0|  0|   2|           1|           1|
    |stream_in_key_V_keep_V_0_load_A           |    and   |      0|  0|   2|           1|           1|
    |stream_in_key_V_keep_V_0_load_B           |    and   |      0|  0|   2|           1|           1|
    |stream_in_key_V_last_V_0_load_A           |    and   |      0|  0|   2|           1|           1|
    |stream_in_key_V_last_V_0_load_B           |    and   |      0|  0|   2|           1|           1|
    |stream_in_key_V_strb_V_0_load_A           |    and   |      0|  0|   2|           1|           1|
    |stream_in_key_V_strb_V_0_load_B           |    and   |      0|  0|   2|           1|           1|
    |stream_in_key_V_user_V_0_load_A           |    and   |      0|  0|   2|           1|           1|
    |stream_in_key_V_user_V_0_load_B           |    and   |      0|  0|   2|           1|           1|
    |stream_in_text_V_data_V_0_load_A          |    and   |      0|  0|   2|           1|           1|
    |stream_in_text_V_data_V_0_load_B          |    and   |      0|  0|   2|           1|           1|
    |stream_in_text_V_dest_V_0_load_A          |    and   |      0|  0|   2|           1|           1|
    |stream_in_text_V_dest_V_0_load_B          |    and   |      0|  0|   2|           1|           1|
    |stream_in_text_V_id_V_0_load_A            |    and   |      0|  0|   2|           1|           1|
    |stream_in_text_V_id_V_0_load_B            |    and   |      0|  0|   2|           1|           1|
    |stream_in_text_V_keep_V_0_load_A          |    and   |      0|  0|   2|           1|           1|
    |stream_in_text_V_keep_V_0_load_B          |    and   |      0|  0|   2|           1|           1|
    |stream_in_text_V_last_V_0_load_A          |    and   |      0|  0|   2|           1|           1|
    |stream_in_text_V_last_V_0_load_B          |    and   |      0|  0|   2|           1|           1|
    |stream_in_text_V_strb_V_0_load_A          |    and   |      0|  0|   2|           1|           1|
    |stream_in_text_V_strb_V_0_load_B          |    and   |      0|  0|   2|           1|           1|
    |stream_in_text_V_user_V_0_load_A          |    and   |      0|  0|   2|           1|           1|
    |stream_in_text_V_user_V_0_load_B          |    and   |      0|  0|   2|           1|           1|
    |stream_out_V_data_V_1_load_A              |    and   |      0|  0|   2|           1|           1|
    |stream_out_V_data_V_1_load_B              |    and   |      0|  0|   2|           1|           1|
    |stream_out_V_dest_V_1_load_A              |    and   |      0|  0|   2|           1|           1|
    |stream_out_V_dest_V_1_load_B              |    and   |      0|  0|   2|           1|           1|
    |stream_out_V_id_V_1_load_A                |    and   |      0|  0|   2|           1|           1|
    |stream_out_V_id_V_1_load_B                |    and   |      0|  0|   2|           1|           1|
    |stream_out_V_keep_V_1_load_A              |    and   |      0|  0|   2|           1|           1|
    |stream_out_V_keep_V_1_load_B              |    and   |      0|  0|   2|           1|           1|
    |stream_out_V_last_V_1_load_A              |    and   |      0|  0|   2|           1|           1|
    |stream_out_V_last_V_1_load_B              |    and   |      0|  0|   2|           1|           1|
    |stream_out_V_strb_V_1_load_A              |    and   |      0|  0|   2|           1|           1|
    |stream_out_V_strb_V_1_load_B              |    and   |      0|  0|   2|           1|           1|
    |stream_out_V_user_V_1_load_A              |    and   |      0|  0|   2|           1|           1|
    |stream_out_V_user_V_1_load_B              |    and   |      0|  0|   2|           1|           1|
    |exitcond11_i2_fu_245_p2                   |   icmp   |      0|  0|   9|           3|           4|
    |exitcond11_i_fu_295_p2                    |   icmp   |      0|  0|   9|           3|           4|
    |exitcond_i6_fu_269_p2                     |   icmp   |      0|  0|   9|           3|           4|
    |exitcond_i_fu_319_p2                      |   icmp   |      0|  0|   9|           3|           4|
    |stream_in_key_V_data_V_0_state_cmp_full   |   icmp   |      0|  0|   8|           2|           1|
    |stream_in_key_V_dest_V_0_state_cmp_full   |   icmp   |      0|  0|   8|           2|           1|
    |stream_in_key_V_id_V_0_state_cmp_full     |   icmp   |      0|  0|   8|           2|           1|
    |stream_in_key_V_keep_V_0_state_cmp_full   |   icmp   |      0|  0|   8|           2|           1|
    |stream_in_key_V_last_V_0_state_cmp_full   |   icmp   |      0|  0|   8|           2|           1|
    |stream_in_key_V_strb_V_0_state_cmp_full   |   icmp   |      0|  0|   8|           2|           1|
    |stream_in_key_V_user_V_0_state_cmp_full   |   icmp   |      0|  0|   8|           2|           1|
    |stream_in_text_V_data_V_0_state_cmp_full  |   icmp   |      0|  0|   8|           2|           1|
    |stream_in_text_V_dest_V_0_state_cmp_full  |   icmp   |      0|  0|   8|           2|           1|
    |stream_in_text_V_id_V_0_state_cmp_full    |   icmp   |      0|  0|   8|           2|           1|
    |stream_in_text_V_keep_V_0_state_cmp_full  |   icmp   |      0|  0|   8|           2|           1|
    |stream_in_text_V_last_V_0_state_cmp_full  |   icmp   |      0|  0|   8|           2|           1|
    |stream_in_text_V_strb_V_0_state_cmp_full  |   icmp   |      0|  0|   8|           2|           1|
    |stream_in_text_V_user_V_0_state_cmp_full  |   icmp   |      0|  0|   8|           2|           1|
    |stream_out_V_data_V_1_state_cmp_full      |   icmp   |      0|  0|   8|           2|           1|
    |stream_out_V_dest_V_1_state_cmp_full      |   icmp   |      0|  0|   8|           2|           1|
    |stream_out_V_id_V_1_state_cmp_full        |   icmp   |      0|  0|   8|           2|           1|
    |stream_out_V_keep_V_1_state_cmp_full      |   icmp   |      0|  0|   8|           2|           1|
    |stream_out_V_last_V_1_state_cmp_full      |   icmp   |      0|  0|   8|           2|           1|
    |stream_out_V_strb_V_1_state_cmp_full      |   icmp   |      0|  0|   8|           2|           1|
    |stream_out_V_user_V_1_state_cmp_full      |   icmp   |      0|  0|   8|           2|           1|
    |ap_block_state11                          |    or    |      0|  0|   2|           1|           1|
    |ap_block_state6_on_subcall_done           |    or    |      0|  0|   2|           1|           1|
    +------------------------------------------+----------+-------+---+----+------------+------------+
    |Total                                     |          |      0|  0| 370|         122|          97|
    +------------------------------------------+----------+-------+---+----+------------+------------+

    * Multiplexer: 
    +------------------------------------+----+-----------+-----+-----------+
    |                Name                | LUT| Input Size| Bits| Total Bits|
    +------------------------------------+----+-----------+-----+-----------+
    |ap_NS_fsm                           |  53|         12|    1|         12|
    |i_0_i1_reg_130                      |   9|          2|    3|          6|
    |i_0_i_reg_152                       |   9|          2|    3|          6|
    |j_0_i5_reg_141                      |   9|          2|    3|          6|
    |j_0_i_reg_163                       |   9|          2|    3|          6|
    |matrixKey_data_V_address0           |  21|          4|    4|         16|
    |matrixKey_data_V_ce0                |  21|          4|    1|          4|
    |matrixKey_data_V_ce1                |   9|          2|    1|          2|
    |matrixKey_data_V_d0                 |  15|          3|    8|         24|
    |matrixKey_data_V_we0                |  15|          3|    1|          3|
    |matrixKey_data_V_we1                |   9|          2|    1|          2|
    |matrixText_data_V_address0          |  27|          5|    4|         20|
    |matrixText_data_V_address1          |  21|          4|    4|         16|
    |matrixText_data_V_ce0               |  27|          5|    1|          5|
    |matrixText_data_V_ce1               |  21|          4|    1|          4|
    |matrixText_data_V_d0                |  21|          4|    8|         32|
    |matrixText_data_V_d1                |  15|          3|    8|         24|
    |matrixText_data_V_we0               |  21|          4|    1|          4|
    |matrixText_data_V_we1               |  15|          3|    1|          3|
    |stream_in_key_V_data_V_0_ack_out    |   9|          2|    1|          2|
    |stream_in_key_V_data_V_0_data_out   |   9|          2|  128|        256|
    |stream_in_key_V_data_V_0_state      |  15|          3|    2|          6|
    |stream_in_key_V_dest_V_0_ack_out    |   9|          2|    1|          2|
    |stream_in_key_V_dest_V_0_data_out   |   9|          2|    1|          2|
    |stream_in_key_V_dest_V_0_state      |  15|          3|    2|          6|
    |stream_in_key_V_id_V_0_ack_out      |   9|          2|    1|          2|
    |stream_in_key_V_id_V_0_data_out     |   9|          2|    1|          2|
    |stream_in_key_V_id_V_0_state        |  15|          3|    2|          6|
    |stream_in_key_V_keep_V_0_ack_out    |   9|          2|    1|          2|
    |stream_in_key_V_keep_V_0_data_out   |   9|          2|   16|         32|
    |stream_in_key_V_keep_V_0_state      |  15|          3|    2|          6|
    |stream_in_key_V_last_V_0_ack_out    |   9|          2|    1|          2|
    |stream_in_key_V_last_V_0_data_out   |   9|          2|    1|          2|
    |stream_in_key_V_last_V_0_state      |  15|          3|    2|          6|
    |stream_in_key_V_strb_V_0_ack_out    |   9|          2|    1|          2|
    |stream_in_key_V_strb_V_0_data_out   |   9|          2|   16|         32|
    |stream_in_key_V_strb_V_0_state      |  15|          3|    2|          6|
    |stream_in_key_V_user_V_0_ack_out    |   9|          2|    1|          2|
    |stream_in_key_V_user_V_0_data_out   |   9|          2|    1|          2|
    |stream_in_key_V_user_V_0_state      |  15|          3|    2|          6|
    |stream_in_text_V_data_V_0_ack_out   |   9|          2|    1|          2|
    |stream_in_text_V_data_V_0_data_out  |   9|          2|  128|        256|
    |stream_in_text_V_data_V_0_state     |  15|          3|    2|          6|
    |stream_in_text_V_dest_V_0_ack_out   |   9|          2|    1|          2|
    |stream_in_text_V_dest_V_0_data_out  |   9|          2|    1|          2|
    |stream_in_text_V_dest_V_0_state     |  15|          3|    2|          6|
    |stream_in_text_V_id_V_0_ack_out     |   9|          2|    1|          2|
    |stream_in_text_V_id_V_0_data_out    |   9|          2|    1|          2|
    |stream_in_text_V_id_V_0_state       |  15|          3|    2|          6|
    |stream_in_text_V_keep_V_0_ack_out   |   9|          2|    1|          2|
    |stream_in_text_V_keep_V_0_data_out  |   9|          2|   16|         32|
    |stream_in_text_V_keep_V_0_state     |  15|          3|    2|          6|
    |stream_in_text_V_last_V_0_ack_out   |   9|          2|    1|          2|
    |stream_in_text_V_last_V_0_data_out  |   9|          2|    1|          2|
    |stream_in_text_V_last_V_0_state     |  15|          3|    2|          6|
    |stream_in_text_V_strb_V_0_ack_out   |   9|          2|    1|          2|
    |stream_in_text_V_strb_V_0_data_out  |   9|          2|   16|         32|
    |stream_in_text_V_strb_V_0_state     |  15|          3|    2|          6|
    |stream_in_text_V_user_V_0_ack_out   |   9|          2|    1|          2|
    |stream_in_text_V_user_V_0_data_out  |   9|          2|    1|          2|
    |stream_in_text_V_user_V_0_state     |  15|          3|    2|          6|
    |stream_out_V_data_V_1_data_out      |   9|          2|  128|        256|
    |stream_out_V_data_V_1_state         |  15|          3|    2|          6|
    |stream_out_V_dest_V_1_data_out      |   9|          2|    1|          2|
    |stream_out_V_dest_V_1_state         |  15|          3|    2|          6|
    |stream_out_V_id_V_1_data_out        |   9|          2|    1|          2|
    |stream_out_V_id_V_1_state           |  15|          3|    2|          6|
    |stream_out_V_keep_V_1_data_out      |   9|          2|   16|         32|
    |stream_out_V_keep_V_1_state         |  15|          3|    2|          6|
    |stream_out_V_last_V_1_data_out      |   9|          2|    1|          2|
    |stream_out_V_last_V_1_state         |  15|          3|    2|          6|
    |stream_out_V_strb_V_1_data_out      |   9|          2|   16|         32|
    |stream_out_V_strb_V_1_state         |  15|          3|    2|          6|
    |stream_out_V_user_V_1_data_out      |   9|          2|    1|          2|
    |stream_out_V_user_V_1_state         |  15|          3|    2|          6|
    +------------------------------------+----+-----------+-----+-----------+
    |Total                               | 977|        203|  605|       1333|
    +------------------------------------+----+-----------+-----+-----------+

    * Register: 
    +-------------------------------------+-----+----+-----+-----------+
    |                 Name                |  FF | LUT| Bits| Const Bits|
    +-------------------------------------+-----+----+-----+-----------+
    |ap_CS_fsm                            |   11|   0|   11|          0|
    |grp_aesEncrypt_fu_174_ap_start_reg   |    1|   0|    1|          0|
    |grp_axi2matrix_fu_207_ap_start_reg   |    1|   0|    1|          0|
    |grp_axi2matrix_fu_226_ap_start_reg   |    1|   0|    1|          0|
    |grp_matrix2axi_fu_188_ap_start_reg   |    1|   0|    1|          0|
    |i_0_i1_reg_130                       |    3|   0|    3|          0|
    |i_0_i_reg_152                        |    3|   0|    3|          0|
    |i_1_reg_369                          |    3|   0|    3|          0|
    |i_reg_348                            |    3|   0|    3|          0|
    |j_0_i5_reg_141                       |    3|   0|    3|          0|
    |j_0_i_reg_163                        |    3|   0|    3|          0|
    |stream_in_key_V_data_V_0_payload_A   |  128|   0|  128|          0|
    |stream_in_key_V_data_V_0_payload_B   |  128|   0|  128|          0|
    |stream_in_key_V_data_V_0_sel_rd      |    1|   0|    1|          0|
    |stream_in_key_V_data_V_0_sel_wr      |    1|   0|    1|          0|
    |stream_in_key_V_data_V_0_state       |    2|   0|    2|          0|
    |stream_in_key_V_dest_V_0_payload_A   |    1|   0|    1|          0|
    |stream_in_key_V_dest_V_0_payload_B   |    1|   0|    1|          0|
    |stream_in_key_V_dest_V_0_sel_rd      |    1|   0|    1|          0|
    |stream_in_key_V_dest_V_0_sel_wr      |    1|   0|    1|          0|
    |stream_in_key_V_dest_V_0_state       |    2|   0|    2|          0|
    |stream_in_key_V_id_V_0_payload_A     |    1|   0|    1|          0|
    |stream_in_key_V_id_V_0_payload_B     |    1|   0|    1|          0|
    |stream_in_key_V_id_V_0_sel_rd        |    1|   0|    1|          0|
    |stream_in_key_V_id_V_0_sel_wr        |    1|   0|    1|          0|
    |stream_in_key_V_id_V_0_state         |    2|   0|    2|          0|
    |stream_in_key_V_keep_V_0_payload_A   |   16|   0|   16|          0|
    |stream_in_key_V_keep_V_0_payload_B   |   16|   0|   16|          0|
    |stream_in_key_V_keep_V_0_sel_rd      |    1|   0|    1|          0|
    |stream_in_key_V_keep_V_0_sel_wr      |    1|   0|    1|          0|
    |stream_in_key_V_keep_V_0_state       |    2|   0|    2|          0|
    |stream_in_key_V_last_V_0_payload_A   |    1|   0|    1|          0|
    |stream_in_key_V_last_V_0_payload_B   |    1|   0|    1|          0|
    |stream_in_key_V_last_V_0_sel_rd      |    1|   0|    1|          0|
    |stream_in_key_V_last_V_0_sel_wr      |    1|   0|    1|          0|
    |stream_in_key_V_last_V_0_state       |    2|   0|    2|          0|
    |stream_in_key_V_strb_V_0_payload_A   |   16|   0|   16|          0|
    |stream_in_key_V_strb_V_0_payload_B   |   16|   0|   16|          0|
    |stream_in_key_V_strb_V_0_sel_rd      |    1|   0|    1|          0|
    |stream_in_key_V_strb_V_0_sel_wr      |    1|   0|    1|          0|
    |stream_in_key_V_strb_V_0_state       |    2|   0|    2|          0|
    |stream_in_key_V_user_V_0_payload_A   |    1|   0|    1|          0|
    |stream_in_key_V_user_V_0_payload_B   |    1|   0|    1|          0|
    |stream_in_key_V_user_V_0_sel_rd      |    1|   0|    1|          0|
    |stream_in_key_V_user_V_0_sel_wr      |    1|   0|    1|          0|
    |stream_in_key_V_user_V_0_state       |    2|   0|    2|          0|
    |stream_in_text_V_data_V_0_payload_A  |  128|   0|  128|          0|
    |stream_in_text_V_data_V_0_payload_B  |  128|   0|  128|          0|
    |stream_in_text_V_data_V_0_sel_rd     |    1|   0|    1|          0|
    |stream_in_text_V_data_V_0_sel_wr     |    1|   0|    1|          0|
    |stream_in_text_V_data_V_0_state      |    2|   0|    2|          0|
    |stream_in_text_V_dest_V_0_payload_A  |    1|   0|    1|          0|
    |stream_in_text_V_dest_V_0_payload_B  |    1|   0|    1|          0|
    |stream_in_text_V_dest_V_0_sel_rd     |    1|   0|    1|          0|
    |stream_in_text_V_dest_V_0_sel_wr     |    1|   0|    1|          0|
    |stream_in_text_V_dest_V_0_state      |    2|   0|    2|          0|
    |stream_in_text_V_id_V_0_payload_A    |    1|   0|    1|          0|
    |stream_in_text_V_id_V_0_payload_B    |    1|   0|    1|          0|
    |stream_in_text_V_id_V_0_sel_rd       |    1|   0|    1|          0|
    |stream_in_text_V_id_V_0_sel_wr       |    1|   0|    1|          0|
    |stream_in_text_V_id_V_0_state        |    2|   0|    2|          0|
    |stream_in_text_V_keep_V_0_payload_A  |   16|   0|   16|          0|
    |stream_in_text_V_keep_V_0_payload_B  |   16|   0|   16|          0|
    |stream_in_text_V_keep_V_0_sel_rd     |    1|   0|    1|          0|
    |stream_in_text_V_keep_V_0_sel_wr     |    1|   0|    1|          0|
    |stream_in_text_V_keep_V_0_state      |    2|   0|    2|          0|
    |stream_in_text_V_last_V_0_payload_A  |    1|   0|    1|          0|
    |stream_in_text_V_last_V_0_payload_B  |    1|   0|    1|          0|
    |stream_in_text_V_last_V_0_sel_rd     |    1|   0|    1|          0|
    |stream_in_text_V_last_V_0_sel_wr     |    1|   0|    1|          0|
    |stream_in_text_V_last_V_0_state      |    2|   0|    2|          0|
    |stream_in_text_V_strb_V_0_payload_A  |   16|   0|   16|          0|
    |stream_in_text_V_strb_V_0_payload_B  |   16|   0|   16|          0|
    |stream_in_text_V_strb_V_0_sel_rd     |    1|   0|    1|          0|
    |stream_in_text_V_strb_V_0_sel_wr     |    1|   0|    1|          0|
    |stream_in_text_V_strb_V_0_state      |    2|   0|    2|          0|
    |stream_in_text_V_user_V_0_payload_A  |    1|   0|    1|          0|
    |stream_in_text_V_user_V_0_payload_B  |    1|   0|    1|          0|
    |stream_in_text_V_user_V_0_sel_rd     |    1|   0|    1|          0|
    |stream_in_text_V_user_V_0_sel_wr     |    1|   0|    1|          0|
    |stream_in_text_V_user_V_0_state      |    2|   0|    2|          0|
    |stream_out_V_data_V_1_payload_A      |  128|   0|  128|          0|
    |stream_out_V_data_V_1_payload_B      |  128|   0|  128|          0|
    |stream_out_V_data_V_1_sel_rd         |    1|   0|    1|          0|
    |stream_out_V_data_V_1_sel_wr         |    1|   0|    1|          0|
    |stream_out_V_data_V_1_state          |    2|   0|    2|          0|
    |stream_out_V_dest_V_1_payload_A      |    1|   0|    1|          0|
    |stream_out_V_dest_V_1_payload_B      |    1|   0|    1|          0|
    |stream_out_V_dest_V_1_sel_rd         |    1|   0|    1|          0|
    |stream_out_V_dest_V_1_sel_wr         |    1|   0|    1|          0|
    |stream_out_V_dest_V_1_state          |    2|   0|    2|          0|
    |stream_out_V_id_V_1_payload_A        |    1|   0|    1|          0|
    |stream_out_V_id_V_1_payload_B        |    1|   0|    1|          0|
    |stream_out_V_id_V_1_sel_rd           |    1|   0|    1|          0|
    |stream_out_V_id_V_1_sel_wr           |    1|   0|    1|          0|
    |stream_out_V_id_V_1_state            |    2|   0|    2|          0|
    |stream_out_V_keep_V_1_payload_A      |   16|   0|   16|          0|
    |stream_out_V_keep_V_1_payload_B      |   16|   0|   16|          0|
    |stream_out_V_keep_V_1_sel_rd         |    1|   0|    1|          0|
    |stream_out_V_keep_V_1_sel_wr         |    1|   0|    1|          0|
    |stream_out_V_keep_V_1_state          |    2|   0|    2|          0|
    |stream_out_V_last_V_1_payload_A      |    1|   0|    1|          0|
    |stream_out_V_last_V_1_payload_B      |    1|   0|    1|          0|
    |stream_out_V_last_V_1_sel_rd         |    1|   0|    1|          0|
    |stream_out_V_last_V_1_sel_wr         |    1|   0|    1|          0|
    |stream_out_V_last_V_1_state          |    2|   0|    2|          0|
    |stream_out_V_strb_V_1_payload_A      |   16|   0|   16|          0|
    |stream_out_V_strb_V_1_payload_B      |   16|   0|   16|          0|
    |stream_out_V_strb_V_1_sel_rd         |    1|   0|    1|          0|
    |stream_out_V_strb_V_1_sel_wr         |    1|   0|    1|          0|
    |stream_out_V_strb_V_1_state          |    2|   0|    2|          0|
    |stream_out_V_user_V_1_payload_A      |    1|   0|    1|          0|
    |stream_out_V_user_V_1_payload_B      |    1|   0|    1|          0|
    |stream_out_V_user_V_1_sel_rd         |    1|   0|    1|          0|
    |stream_out_V_user_V_1_sel_wr         |    1|   0|    1|          0|
    |stream_out_V_user_V_1_state          |    2|   0|    2|          0|
    |tmp_60_cast_reg_353                  |    3|   0|    6|          3|
    |tmp_62_cast_reg_374                  |    3|   0|    6|          3|
    +-------------------------------------+-----+----+-----+-----------+
    |Total                                | 1107|   0| 1113|          6|
    +-------------------------------------+-----+----+-----+-----------+



================================================================
== Interface
================================================================
* Summary: 
+-----------------------+-----+-----+------------+-------------------------+--------------+
|       RTL Ports       | Dir | Bits|  Protocol  |      Source Object      |    C Type    |
+-----------------------+-----+-----+------------+-------------------------+--------------+
|s_axi_control_AWVALID  |  in |    1|    s_axi   |         control         |  return void |
|s_axi_control_AWREADY  | out |    1|    s_axi   |         control         |  return void |
|s_axi_control_AWADDR   |  in |    4|    s_axi   |         control         |  return void |
|s_axi_control_WVALID   |  in |    1|    s_axi   |         control         |  return void |
|s_axi_control_WREADY   | out |    1|    s_axi   |         control         |  return void |
|s_axi_control_WDATA    |  in |   32|    s_axi   |         control         |  return void |
|s_axi_control_WSTRB    |  in |    4|    s_axi   |         control         |  return void |
|s_axi_control_ARVALID  |  in |    1|    s_axi   |         control         |  return void |
|s_axi_control_ARREADY  | out |    1|    s_axi   |         control         |  return void |
|s_axi_control_ARADDR   |  in |    4|    s_axi   |         control         |  return void |
|s_axi_control_RVALID   | out |    1|    s_axi   |         control         |  return void |
|s_axi_control_RREADY   |  in |    1|    s_axi   |         control         |  return void |
|s_axi_control_RDATA    | out |   32|    s_axi   |         control         |  return void |
|s_axi_control_RRESP    | out |    2|    s_axi   |         control         |  return void |
|s_axi_control_BVALID   | out |    1|    s_axi   |         control         |  return void |
|s_axi_control_BREADY   |  in |    1|    s_axi   |         control         |  return void |
|s_axi_control_BRESP    | out |    2|    s_axi   |         control         |  return void |
|ap_clk                 |  in |    1| ap_ctrl_hs |  AESEncrypt_TopFunction | return value |
|ap_rst_n               |  in |    1| ap_ctrl_hs |  AESEncrypt_TopFunction | return value |
|interrupt              | out |    1| ap_ctrl_hs |  AESEncrypt_TopFunction | return value |
|stream_in_text_TDATA   |  in |  128|    axis    | stream_in_text_V_data_V |    pointer   |
|stream_in_text_TVALID  |  in |    1|    axis    | stream_in_text_V_dest_V |    pointer   |
|stream_in_text_TREADY  | out |    1|    axis    | stream_in_text_V_dest_V |    pointer   |
|stream_in_text_TDEST   |  in |    1|    axis    | stream_in_text_V_dest_V |    pointer   |
|stream_in_text_TKEEP   |  in |   16|    axis    | stream_in_text_V_keep_V |    pointer   |
|stream_in_text_TSTRB   |  in |   16|    axis    | stream_in_text_V_strb_V |    pointer   |
|stream_in_text_TUSER   |  in |    1|    axis    | stream_in_text_V_user_V |    pointer   |
|stream_in_text_TLAST   |  in |    1|    axis    | stream_in_text_V_last_V |    pointer   |
|stream_in_text_TID     |  in |    1|    axis    |  stream_in_text_V_id_V  |    pointer   |
|stream_in_key_TDATA    |  in |  128|    axis    |  stream_in_key_V_data_V |    pointer   |
|stream_in_key_TVALID   |  in |    1|    axis    |  stream_in_key_V_dest_V |    pointer   |
|stream_in_key_TREADY   | out |    1|    axis    |  stream_in_key_V_dest_V |    pointer   |
|stream_in_key_TDEST    |  in |    1|    axis    |  stream_in_key_V_dest_V |    pointer   |
|stream_in_key_TKEEP    |  in |   16|    axis    |  stream_in_key_V_keep_V |    pointer   |
|stream_in_key_TSTRB    |  in |   16|    axis    |  stream_in_key_V_strb_V |    pointer   |
|stream_in_key_TUSER    |  in |    1|    axis    |  stream_in_key_V_user_V |    pointer   |
|stream_in_key_TLAST    |  in |    1|    axis    |  stream_in_key_V_last_V |    pointer   |
|stream_in_key_TID      |  in |    1|    axis    |   stream_in_key_V_id_V  |    pointer   |
|stream_out_TDATA       | out |  128|    axis    |   stream_out_V_data_V   |    pointer   |
|stream_out_TVALID      | out |    1|    axis    |   stream_out_V_dest_V   |    pointer   |
|stream_out_TREADY      |  in |    1|    axis    |   stream_out_V_dest_V   |    pointer   |
|stream_out_TDEST       | out |    1|    axis    |   stream_out_V_dest_V   |    pointer   |
|stream_out_TKEEP       | out |   16|    axis    |   stream_out_V_keep_V   |    pointer   |
|stream_out_TSTRB       | out |   16|    axis    |   stream_out_V_strb_V   |    pointer   |
|stream_out_TUSER       | out |    1|    axis    |   stream_out_V_user_V   |    pointer   |
|stream_out_TLAST       | out |    1|    axis    |   stream_out_V_last_V   |    pointer   |
|stream_out_TID         | out |    1|    axis    |    stream_out_V_id_V    |    pointer   |
+-----------------------+-----+-----+------------+-------------------------+--------------+

