

================================================================
== Vivado HLS Report for 'keyExpansion5'
================================================================
* Date:           Tue Jan 14 16:43:26 2025

* Version:        2018.1 (Build 2188600 on Wed Apr 04 19:04:02 MDT 2018)
* Project:        AES_HLS
* Solution:       aes
* Product family: zynq
* Target device:  xc7z020clg400-1


================================================================
== Performance Estimates
================================================================
+ Timing (ns): 
    * Summary: 
    +--------+-------+----------+------------+
    |  Clock | Target| Estimated| Uncertainty|
    +--------+-------+----------+------------+
    |ap_clk  |  10.00|      7.50|        1.25|
    +--------+-------+----------+------------+

+ Latency (clock cycles): 
    * Summary: 
    +------+------+------+------+---------+
    |   Latency   |   Interval  | Pipeline|
    |  min |  max |  min |  max |   Type  |
    +------+------+------+------+---------+
    |  1002|  1522|  1002|  1522|   none  |
    +------+------+------+------+---------+

    + Detail: 
        * Instance: 
        N/A

        * Loop: 
        +-------------+-----+------+----------+-----------+-----------+------+----------+
        |             |   Latency  | Iteration|  Initiation Interval  | Trip |          |
        |  Loop Name  | min |  max |  Latency |  achieved |   target  | Count| Pipelined|
        +-------------+-----+------+----------+-----------+-----------+------+----------+
        |- Loop 1     |   40|    40|        10|          -|          -|     4|    no    |
        | + Loop 1.1  |    8|     8|         2|          -|          -|     4|    no    |
        |- Loop 2     |  960|  1480|  24 ~ 37 |          -|          -|    40|    no    |
        | + Loop 2.1  |   12|    12|         3|          -|          -|     4|    no    |
        | + Loop 2.2  |   12|    12|         3|          -|          -|     4|    no    |
        | + Loop 2.3  |    8|     8|         2|          -|          -|     4|    no    |
        +-------------+-----+------+----------+-----------+-----------+------+----------+



================================================================
== Utilization Estimates
================================================================
* Summary: 
+-----------------+---------+-------+--------+-------+
|       Name      | BRAM_18K| DSP48E|   FF   |  LUT  |
+-----------------+---------+-------+--------+-------+
|DSP              |        -|      -|       -|      -|
|Expression       |        -|      -|       0|    318|
|FIFO             |        -|      -|       -|      -|
|Instance         |        -|      -|       0|     42|
|Memory           |        1|      -|       8|      2|
|Multiplexer      |        -|      -|       -|    365|
|Register         |        -|      -|     343|      -|
+-----------------+---------+-------+--------+-------+
|Total            |        1|      0|     351|    727|
+-----------------+---------+-------+--------+-------+
|Available        |      280|    220|  106400|  53200|
+-----------------+---------+-------+--------+-------+
|Utilization (%)  |    ~0   |      0|   ~0   |      1|
+-----------------+---------+-------+--------+-------+

+ Detail: 
    * Instance: 
    +--------------------------+----------------------+---------+-------+---+----+
    |         Instance         |        Module        | BRAM_18K| DSP48E| FF| LUT|
    +--------------------------+----------------------+---------+-------+---+----+
    |AESEncrypt_TopFundEe_U9   |AESEncrypt_TopFundEe  |        0|      0|  0|  21|
    |AESEncrypt_TopFundEe_U10  |AESEncrypt_TopFundEe  |        0|      0|  0|  21|
    +--------------------------+----------------------+---------+-------+---+----+
    |Total                     |                      |        0|      0|  0|  42|
    +--------------------------+----------------------+---------+-------+---+----+

    * DSP48: 
    N/A

    * Memory: 
    +----------+----------------------+---------+---+----+------+-----+------+-------------+
    |  Memory  |        Module        | BRAM_18K| FF| LUT| Words| Bits| Banks| W*Bits*Banks|
    +----------+----------------------+---------+---+----+------+-----+------+-------------+
    |rcon_V_U  |keyExpansion5_rcocud  |        0|  8|   2|    11|    8|     1|           88|
    |sbox_V_U  |keyExpansion5_sbobkb  |        1|  0|   0|   256|    8|     1|         2048|
    +----------+----------------------+---------+---+----+------+-----+------+-------------+
    |Total     |                      |        1|  8|   2|   267|   16|     2|         2136|
    +----------+----------------------+---------+---+----+------+-----+------+-------------+

    * FIFO: 
    N/A

    * Expression: 
    +----------------------+----------+-------+---+----+------------+------------+
    |     Variable Name    | Operation| DSP48E| FF| LUT| Bitwidth P0| Bitwidth P1|
    +----------------------+----------+-------+---+----+------------+------------+
    |addconv_fu_738_p2     |     +    |      0|  0|  13|           4|           2|
    |col_1_fu_572_p2       |     +    |      0|  0|  12|           3|           1|
    |col_fu_821_p2         |     +    |      0|  0|  15|           6|           1|
    |i_fu_699_p2           |     +    |      0|  0|  12|           3|           1|
    |next_mul1_fu_663_p2   |     +    |      0|  0|  15|           6|           8|
    |next_mul2_fu_782_p2   |     +    |      0|  0|  15|           6|           8|
    |next_mul_fu_620_p2    |     +    |      0|  0|  15|           8|           6|
    |row_1_fu_657_p2       |     +    |      0|  0|  12|           3|           1|
    |row_2_fu_776_p2       |     +    |      0|  0|  12|           3|           1|
    |row_fu_592_p2         |     +    |      0|  0|  12|           3|           1|
    |tmp_10_fu_788_p2      |     +    |      0|  0|  15|           8|           8|
    |tmp_11_fu_798_p2      |     +    |      0|  0|  15|           8|           8|
    |tmp_2_fu_760_p2       |     +    |      0|  0|  15|           6|           4|
    |tmp_5_fu_610_p2       |     +    |      0|  0|  15|           6|           6|
    |tmp_6_fu_626_p2       |     +    |      0|  0|  15|           8|           8|
    |tmp_8_fu_669_p2       |     +    |      0|  0|  15|           8|           8|
    |tmp_s_fu_641_p2       |     +    |      0|  0|  15|           6|           2|
    |exitcond2_fu_566_p2   |   icmp   |      0|  0|   9|           3|           4|
    |exitcond3_fu_635_p2   |   icmp   |      0|  0|  11|           6|           6|
    |exitcond4_fu_586_p2   |   icmp   |      0|  0|   9|           3|           4|
    |exitcond5_fu_651_p2   |   icmp   |      0|  0|   9|           3|           4|
    |exitcond_fu_770_p2    |   icmp   |      0|  0|   9|           3|           4|
    |exitcond_i_fu_693_p2  |   icmp   |      0|  0|   9|           3|           4|
    |tmp_7_fu_687_p2       |   icmp   |      0|  0|   8|           2|           1|
    |r_V_fu_831_p2         |    xor   |      0|  0|   8|           8|           8|
    |temp_0_V_2_fu_749_p2  |    xor   |      0|  0|   8|           8|           8|
    +----------------------+----------+-------+---+----+------------+------------+
    |Total                 |          |      0|  0| 318|         134|         117|
    +----------------------+----------+-------+---+----+------------+------------+

    * Multiplexer: 
    +-------------------------+----+-----------+-----+-----------+
    |           Name          | LUT| Input Size| Bits| Total Bits|
    +-------------------------+----+-----------+-----+-----------+
    |ap_NS_fsm                |  62|         15|    1|         15|
    |col1_reg_216             |   9|          2|    6|         12|
    |col_assign_reg_135       |   9|          2|    3|          6|
    |expandedKey_V_address0   |  27|          5|    8|         40|
    |expandedKey_V_d0         |  15|          3|    8|         24|
    |i_i_reg_410              |   9|          2|    3|          6|
    |phi_mul1_reg_283         |   9|          2|    8|         16|
    |phi_mul2_reg_555         |   9|          2|    8|         16|
    |phi_mul_reg_157          |   9|          2|    8|         16|
    |row2_reg_272             |   9|          2|    3|          6|
    |row3_reg_544             |   9|          2|    3|          6|
    |row_assign_reg_146       |   9|          2|    3|          6|
    |temp_0_V_1_reg_532       |   9|          2|    8|         16|
    |temp_0_V_3_be_reg_475    |   9|          2|    8|         16|
    |temp_0_V_3_reg_399       |   9|          2|    8|         16|
    |temp_0_V_4_reg_250       |   9|          2|    8|         16|
    |temp_0_V_5_be_reg_330    |   9|          2|    8|         16|
    |temp_1_V_1_be_reg_312    |   9|          2|    8|         16|
    |temp_1_V_1_reg_239       |   9|          2|    8|         16|
    |temp_1_V_3_be_reg_457    |   9|          2|    8|         16|
    |temp_1_V_3_reg_388       |   9|          2|    8|         16|
    |temp_1_V_5_reg_519       |   9|          2|    8|         16|
    |temp_2_V_3_3_be_reg_439  |   9|          2|    8|         16|
    |temp_2_V_3_3_reg_377     |   9|          2|    8|         16|
    |temp_2_V_3_5_reg_506     |   9|          2|    8|         16|
    |temp_2_V_be_reg_294      |   9|          2|    8|         16|
    |temp_2_V_reg_228         |   9|          2|    8|         16|
    |temp_3_V_3_be_reg_421    |   9|          2|    8|         16|
    |temp_3_V_3_reg_366       |   9|          2|    8|         16|
    |temp_3_V_5_reg_493       |   9|          2|    8|         16|
    |temp_3_V_6_reg_261       |   9|          2|    8|         16|
    |temp_3_V_8_be_reg_348    |   9|          2|    8|         16|
    +-------------------------+----+-----------+-----+-----------+
    |Total                    | 365|         81|  222|        489|
    +-------------------------+----+-----------+-----+-----------+

    * Register: 
    +-------------------------+----+----+-----+-----------+
    |           Name          | FF | LUT| Bits| Const Bits|
    +-------------------------+----+----+-----+-----------+
    |ap_CS_fsm                |  14|   0|   14|          0|
    |col1_reg_216             |   6|   0|    6|          0|
    |col_1_reg_840            |   3|   0|    3|          0|
    |col_assign_reg_135       |   3|   0|    3|          0|
    |i_i_reg_410              |   3|   0|    3|          0|
    |i_reg_923                |   3|   0|    3|          0|
    |next_mul1_reg_894        |   8|   0|    8|          0|
    |next_mul2_reg_968        |   8|   0|    8|          0|
    |next_mul_reg_868         |   8|   0|    8|          0|
    |phi_mul1_reg_283         |   8|   0|    8|          0|
    |phi_mul2_reg_555         |   8|   0|    8|          0|
    |phi_mul_reg_157          |   8|   0|    8|          0|
    |rhs_V_reg_983            |   8|   0|    8|          0|
    |row2_reg_272             |   3|   0|    3|          0|
    |row3_reg_544             |   3|   0|    3|          0|
    |row_1_reg_889            |   3|   0|    3|          0|
    |row_2_reg_963            |   3|   0|    3|          0|
    |row_assign_reg_146       |   3|   0|    3|          0|
    |row_reg_858              |   3|   0|    3|          0|
    |temp_0_V_1_reg_532       |   8|   0|    8|          0|
    |temp_0_V_3_be_reg_475    |   8|   0|    8|          0|
    |temp_0_V_3_reg_399       |   8|   0|    8|          0|
    |temp_0_V_4_reg_250       |   8|   0|    8|          0|
    |temp_0_V_5_be_reg_330    |   8|   0|    8|          0|
    |temp_0_V_reg_204         |   8|   0|    8|          0|
    |temp_1_V_1_be_reg_312    |   8|   0|    8|          0|
    |temp_1_V_1_reg_239       |   8|   0|    8|          0|
    |temp_1_V_3_be_reg_457    |   8|   0|    8|          0|
    |temp_1_V_3_reg_388       |   8|   0|    8|          0|
    |temp_1_V_5_reg_519       |   8|   0|    8|          0|
    |temp_1_V_reg_192         |   8|   0|    8|          0|
    |temp_2_V_3_3_be_reg_439  |   8|   0|    8|          0|
    |temp_2_V_3_3_reg_377     |   8|   0|    8|          0|
    |temp_2_V_3_5_reg_506     |   8|   0|    8|          0|
    |temp_2_V_3_reg_180       |   8|   0|    8|          0|
    |temp_2_V_be_reg_294      |   8|   0|    8|          0|
    |temp_2_V_reg_228         |   8|   0|    8|          0|
    |temp_3_V_3_be_reg_421    |   8|   0|    8|          0|
    |temp_3_V_3_reg_366       |   8|   0|    8|          0|
    |temp_3_V_5_reg_493       |   8|   0|    8|          0|
    |temp_3_V_6_reg_261       |   8|   0|    8|          0|
    |temp_3_V_8_be_reg_348    |   8|   0|    8|          0|
    |temp_3_V_reg_168         |   8|   0|    8|          0|
    |tmp_11_reg_978           |   8|   0|    8|          0|
    |tmp_32_reg_904           |   2|   0|    2|          0|
    |tmp_33_reg_928           |   2|   0|    2|          0|
    |tmp_4_cast_reg_881       |   6|   0|    8|          2|
    |tmp_6_cast_reg_955       |   6|   0|    8|          2|
    |tmp_6_reg_873            |   8|   0|    8|          0|
    |tmp_7_reg_908            |   1|   0|    1|          0|
    |tmp_9_cast_reg_950       |   6|   0|    8|          2|
    |tmp_cast1_reg_845        |   3|   0|    8|          5|
    |tmp_cast_reg_850         |   3|   0|    6|          3|
    +-------------------------+----+----+-----+-----------+
    |Total                    | 343|   0|  357|         14|
    +-------------------------+----+----+-----+-----------+



================================================================
== Interface
================================================================
* Summary: 
+---------------------------+-----+-----+------------+------------------+--------------+
|         RTL Ports         | Dir | Bits|  Protocol  |   Source Object  |    C Type    |
+---------------------------+-----+-----+------------+------------------+--------------+
|ap_clk                     |  in |    1| ap_ctrl_hs |   keyExpansion5  | return value |
|ap_rst                     |  in |    1| ap_ctrl_hs |   keyExpansion5  | return value |
|ap_start                   |  in |    1| ap_ctrl_hs |   keyExpansion5  | return value |
|ap_done                    | out |    1| ap_ctrl_hs |   keyExpansion5  | return value |
|ap_idle                    | out |    1| ap_ctrl_hs |   keyExpansion5  | return value |
|ap_ready                   | out |    1| ap_ctrl_hs |   keyExpansion5  | return value |
|masterKey_data_V_address0  | out |    4|  ap_memory | masterKey_data_V |     array    |
|masterKey_data_V_ce0       | out |    1|  ap_memory | masterKey_data_V |     array    |
|masterKey_data_V_q0        |  in |    8|  ap_memory | masterKey_data_V |     array    |
|expandedKey_V_address0     | out |    8|  ap_memory |   expandedKey_V  |     array    |
|expandedKey_V_ce0          | out |    1|  ap_memory |   expandedKey_V  |     array    |
|expandedKey_V_we0          | out |    1|  ap_memory |   expandedKey_V  |     array    |
|expandedKey_V_d0           | out |    8|  ap_memory |   expandedKey_V  |     array    |
|expandedKey_V_q0           |  in |    8|  ap_memory |   expandedKey_V  |     array    |
+---------------------------+-----+-----+------------+------------------+--------------+

